#
# There is insufficient memory for the Java Runtime Environment to continue.
# Native memory allocation (malloc) failed to allocate 1286416 bytes. Error detail: Chunk::new
# Possible reasons:
#   The system is out of physical RAM or swap space
#   This process is running with CompressedOops enabled, and the Java Heap may be blocking the growth of the native heap
# Possible solutions:
#   Reduce memory load on the system
#   Increase physical memory or swap space
#   Check if swap backing store is full
#   Decrease Java heap size (-Xmx/-Xms)
#   Decrease number of Java threads
#   Decrease Java thread stack sizes (-Xss)
#   Set larger code cache with -XX:ReservedCodeCacheSize=
#   JVM is running with Zero Based Compressed Oops mode in which the Java heap is
#     placed in the first 32GB address space. The Java Heap base address is the
#     maximum limit for the native heap growth. Please use -XX:HeapBaseMinAddress
#     to set the Java Heap base and to place the Java Heap above 32GB virtual address.
# This output file may be truncated or incomplete.
#
#  Out of Memory Error (arena.cpp:168), pid=6552, tid=8280
#
# JRE version: OpenJDK Runtime Environment Temurin-21.0.12.1+1 (21.0.12.1+1) (build 21.0.12.1+1-LTS)
# Java VM: OpenJDK 64-Bit Server VM Temurin-21.0.12.1+1 (21.0.12.1+1-LTS, mixed mode, sharing, tiered, compressed oops, compressed class ptrs, parallel gc, windows-amd64)
# No core dump will be written. Minidumps are not enabled by default on client versions of Windows
#

---------------  S U M M A R Y ------------

Command Line: --add-modules=ALL-SYSTEM --add-opens=java.base/java.util=ALL-UNNAMED --add-opens=java.base/java.lang=ALL-UNNAMED --add-opens=java.base/sun.nio.fs=ALL-UNNAMED -Declipse.application=org.eclipse.jdt.ls.core.id1 -Dosgi.bundles.defaultStartLevel=4 -Declipse.product=org.eclipse.jdt.ls.core.product -Djava.import.generatesMetadataFilesAtProjectRoot=false -Dm2e.project.cache.size=50 -DDetectVMInstallationsJob.disabled=true -Dfile.encoding=utf8 -XX:+UseParallelGC -XX:GCTimeRatio=4 -XX:AdaptiveSizePolicyWeight=90 -Dsun.zip.disableMemoryMapping=true -Xmx4G -Xms100m -Xlog:disable -javaagent:c:\Users\marqu\.vscode\extensions\redhat.java-1.56.0-win32-x64\lombok\lombok-1.18.39-4050.jar -XX:+HeapDumpOnOutOfMemoryError -XX:HeapDumpPath=c:\Users\marqu\AppData\Roaming\Code\User\workspaceStorage\06973a428a0ceac6bafabd4c6474988a\redhat.java -Daether.dependencyCollector.impl=bf c:\Users\marqu\.vscode\extensions\redhat.java-1.56.0-win32-x64\server\plugins\org.eclipse.equinox.launcher_1.8.0.v20260804-1928.jar -configuration c:\Users\marqu\AppData\Roaming\Code\User\globalStorage\redhat.java\1.56.0\config_win -data c:\Users\marqu\AppData\Roaming\Code\User\workspaceStorage\06973a428a0ceac6bafabd4c6474988a\redhat.java\jdt_ws --pipe=\\.\pipe\lsp-dc891b82b0a3dc3ef8fa2db23c2f51d0-sock

Host: AMD A8-7650K Radeon R7, 10 Compute Cores 4C+6G , 4 cores, 3G,  Windows 10 , 64 bit Build 19041 (10.0.19041.5915)
Time: Mon Sep 14 19:39:26 2026 Hora oficial do Brasil elapsed time: 312.098454 seconds (0d 0h 5m 12s)

---------------  T H R E A D  ---------------

Current thread (0x0000022722aecdc0):  JavaThread "C2 CompilerThread0" daemon [_thread_in_native, id=8280, stack(0x000000a6afd00000,0x000000a6afe00000) (1024K)]


Current CompileTask:
C2:312098 14886       4       org.eclipse.jdt.internal.core.search.indexing.BinaryIndexer::extractReferenceFromConstantPool (358 bytes)

Stack: [0x000000a6afd00000,0x000000a6afe00000]
Native frames: (J=compiled Java code, j=interpreted, Vv=VM code, C=native code)
V  [jvm.dll+0x6d83e9]
V  [jvm.dll+0x8b5736]
V  [jvm.dll+0x8b7cee]
V  [jvm.dll+0x8b83d3]
V  [jvm.dll+0x284596]
V  [jvm.dll+0xc685d]
V  [jvm.dll+0xc6da1]
V  [jvm.dll+0x3bf151]
V  [jvm.dll+0x1e4149]
V  [jvm.dll+0x24c853]
V  [jvm.dll+0x24bce0]
V  [jvm.dll+0x1cb4ae]
V  [jvm.dll+0x25baad]
V  [jvm.dll+0x25a03a]
V  [jvm.dll+0x3f8aae]
V  [jvm.dll+0x8600cd]
V  [jvm.dll+0x6d6c1d]
C  [ucrtbase.dll+0x21bb2]
C  [KERNEL32.DLL+0x17374]
C  [ntdll.dll+0x4cc91]


---------------  P R O C E S S  ---------------

Threads class SMR info:
_java_thread_list=0x000002276bebebd0, length=42, elements={
0x0000022705578bd0, 0x0000022722ae01f0, 0x0000022722ae1e50, 0x0000022722ae5b40,
0x0000022722ae67a0, 0x0000022722ae7400, 0x0000022722ae9f70, 0x0000022722aecdc0,
0x0000022722b522c0, 0x000002276499fc30, 0x0000022764ae9530, 0x0000022769370960,
0x00000227690bb0d0, 0x000002276917cd40, 0x0000022764b0c9a0, 0x000002276992e880,
0x00000227699e16e0, 0x00000227695b9b00, 0x0000022769b0c270, 0x0000022769b0bbe0,
0x0000022769b0cf90, 0x0000022769b0e340, 0x000002276b3b57d0, 0x000002276b3b3700,
0x000002276b3b4420, 0x000002276b3b3d90, 0x000002276b3b3070, 0x000002276b3b5e60,
0x000002276b3b4ab0, 0x000002276b3b5140, 0x000002276b3b64f0, 0x000002276b768a00,
0x000002276b768370, 0x000002276b764860, 0x000002276b769090, 0x000002276b763b40,
0x000002276b765c10, 0x000002276b767ce0, 0x000002276b7662a0, 0x000002276b762790,
0x000002276b762100, 0x000002276b762e20
}

Java Threads: ( => current thread )
  0x0000022705578bd0 JavaThread "main"                              [_thread_blocked, id=6664, stack(0x000000a6af300000,0x000000a6af400000) (1024K)]
  0x0000022722ae01f0 JavaThread "Reference Handler"          daemon [_thread_blocked, id=12092, stack(0x000000a6af700000,0x000000a6af800000) (1024K)]
  0x0000022722ae1e50 JavaThread "Finalizer"                  daemon [_thread_blocked, id=5228, stack(0x000000a6af800000,0x000000a6af900000) (1024K)]
  0x0000022722ae5b40 JavaThread "Signal Dispatcher"          daemon [_thread_blocked, id=2536, stack(0x000000a6af900000,0x000000a6afa00000) (1024K)]
  0x0000022722ae67a0 JavaThread "Attach Listener"            daemon [_thread_blocked, id=13964, stack(0x000000a6afa00000,0x000000a6afb00000) (1024K)]
  0x0000022722ae7400 JavaThread "Service Thread"             daemon [_thread_blocked, id=11676, stack(0x000000a6afb00000,0x000000a6afc00000) (1024K)]
  0x0000022722ae9f70 JavaThread "Monitor Deflation Thread"   daemon [_thread_blocked, id=16548, stack(0x000000a6afc00000,0x000000a6afd00000) (1024K)]
=>0x0000022722aecdc0 JavaThread "C2 CompilerThread0"         daemon [_thread_in_native, id=8280, stack(0x000000a6afd00000,0x000000a6afe00000) (1024K)]
  0x0000022722b522c0 JavaThread "C1 CompilerThread0"         daemon [_thread_blocked, id=5192, stack(0x000000a6afe00000,0x000000a6aff00000) (1024K)]
  0x000002276499fc30 JavaThread "Common-Cleaner"             daemon [_thread_blocked, id=11780, stack(0x000000a6aff00000,0x000000a6b0000000) (1024K)]
  0x0000022764ae9530 JavaThread "Notification Thread"        daemon [_thread_blocked, id=12840, stack(0x000000a6b0000000,0x000000a6b0100000) (1024K)]
  0x0000022769370960 JavaThread "Active Thread: Equinox Container: ee2014be-d838-4148-8949-e664c57e027a"        [_thread_blocked, id=5296, stack(0x000000a6b0400000,0x000000a6b0500000) (1024K)]
  0x00000227690bb0d0 JavaThread "Refresh Thread: Equinox Container: ee2014be-d838-4148-8949-e664c57e027a" daemon [_thread_blocked, id=16812, stack(0x000000a6b0500000,0x000000a6b0600000) (1024K)]
  0x000002276917cd40 JavaThread "Framework Event Dispatcher: Equinox Container: ee2014be-d838-4148-8949-e664c57e027a" daemon [_thread_blocked, id=6412, stack(0x000000a6b0600000,0x000000a6b0700000) (1024K)]
  0x0000022764b0c9a0 JavaThread "Start Level: Equinox Container: ee2014be-d838-4148-8949-e664c57e027a" daemon [_thread_blocked, id=8364, stack(0x000000a6b0700000,0x000000a6b0800000) (1024K)]
  0x000002276992e880 JavaThread "Bundle File Closer"         daemon [_thread_blocked, id=16752, stack(0x000000a6b0800000,0x000000a6b0900000) (1024K)]
  0x00000227699e16e0 JavaThread "SCR Component Actor"        daemon [_thread_blocked, id=4696, stack(0x000000a6b0900000,0x000000a6b0a00000) (1024K)]
  0x00000227695b9b00 JavaThread "Worker-JM"                         [_thread_blocked, id=6636, stack(0x000000a6b0a00000,0x000000a6b0b00000) (1024K)]
  0x0000022769b0c270 JavaThread "JNA Cleaner"                daemon [_thread_blocked, id=16332, stack(0x000000a6b0b00000,0x000000a6b0c00000) (1024K)]
  0x0000022769b0bbe0 JavaThread "Worker-1: Java indexing... "        [_thread_blocked, id=16108, stack(0x000000a6b0d00000,0x000000a6b0e00000) (1024K)]
  0x0000022769b0cf90 JavaThread "Worker-5"                          [_thread_blocked, id=16408, stack(0x000000a6b1400000,0x000000a6b1500000) (1024K)]
  0x0000022769b0e340 JavaThread "Thread-1"                   daemon [_thread_in_native, id=12268, stack(0x000000a6b1500000,0x000000a6b1600000) (1024K)]
  0x000002276b3b57d0 JavaThread "Thread-2"                   daemon [_thread_in_native, id=15336, stack(0x000000a6b1600000,0x000000a6b1700000) (1024K)]
  0x000002276b3b3700 JavaThread "Thread-3"                   daemon [_thread_in_native, id=12432, stack(0x000000a6b1700000,0x000000a6b1800000) (1024K)]
  0x000002276b3b4420 JavaThread "Thread-4"                   daemon [_thread_in_native, id=5536, stack(0x000000a6b1800000,0x000000a6b1900000) (1024K)]
  0x000002276b3b3d90 JavaThread "Thread-5"                   daemon [_thread_in_native, id=14984, stack(0x000000a6b1900000,0x000000a6b1a00000) (1024K)]
  0x000002276b3b3070 JavaThread "pool-2-thread-1"                   [_thread_blocked, id=3416, stack(0x000000a6b1a00000,0x000000a6b1b00000) (1024K)]
  0x000002276b3b5e60 JavaThread "WorkspaceEventsHandler"            [_thread_blocked, id=16040, stack(0x000000a6b1b00000,0x000000a6b1c00000) (1024K)]
  0x000002276b3b4ab0 JavaThread "pool-1-thread-1"                   [_thread_blocked, id=10440, stack(0x000000a6b1c00000,0x000000a6b1d00000) (1024K)]
  0x000002276b3b5140 JavaThread "PatternSearchJob-worker-1"  daemon [_thread_blocked, id=5668, stack(0x000000a6b1d00000,0x000000a6b1e00000) (1024K)]
  0x000002276b3b64f0 JavaThread "PatternSearchJob-worker-2"  daemon [_thread_blocked, id=11928, stack(0x000000a6b1e00000,0x000000a6b1f00000) (1024K)]
  0x000002276b768a00 JavaThread "PatternSearchJob-worker-3"  daemon [_thread_blocked, id=4972, stack(0x000000a6b1f00000,0x000000a6b2000000) (1024K)]
  0x000002276b768370 JavaThread "ForkJoinPool.commonPool-worker-1" daemon [_thread_blocked, id=12240, stack(0x000000a6af100000,0x000000a6af200000) (1024K)]
  0x000002276b764860 JavaThread "ForkJoinPool.commonPool-worker-2" daemon [_thread_blocked, id=2696, stack(0x000000a6b2100000,0x000000a6b2200000) (1024K)]
  0x000002276b769090 JavaThread "Worker-6"                          [_thread_blocked, id=3840, stack(0x000000a6af200000,0x000000a6af300000) (1024K)]
  0x000002276b763b40 JavaThread "Compiler Source File Reader" daemon [_thread_blocked, id=16336, stack(0x000000a6b0c00000,0x000000a6b0d00000) (1024K)]
  0x000002276b765c10 JavaThread "Compiler Processing Task"   daemon [_thread_blocked, id=14848, stack(0x000000a6b1100000,0x000000a6b1200000) (1024K)]
  0x000002276b767ce0 JavaThread "Worker-7"                          [_thread_blocked, id=13968, stack(0x000000a6b1200000,0x000000a6b1300000) (1024K)]
  0x000002276b7662a0 JavaThread "Compiler Source File Reader" daemon [_thread_blocked, id=328, stack(0x000000a6b1300000,0x000000a6b1400000) (1024K)]
  0x000002276b762790 JavaThread "ForkJoinPool.commonPool-worker-3" daemon [_thread_blocked, id=16520, stack(0x000000a6b2200000,0x000000a6b2300000) (1024K)]
  0x000002276b762100 JavaThread "Worker-8"                          [_thread_blocked, id=16756, stack(0x000000a6b0e00000,0x000000a6b0f00000) (1024K)]
  0x000002276b762e20 JavaThread "Java indexing"              daemon [_thread_in_Java, id=17012, stack(0x000000a6b1000000,0x000000a6b1100000) (1024K)]
Total: 42

Other Threads:
  0x0000022722ace750 VMThread "VM Thread"                           [id=4608, stack(0x000000a6af600000,0x000000a6af700000) (1024K)]
  0x00000227057af970 WatcherThread "VM Periodic Task Thread"        [id=17016, stack(0x000000a6af500000,0x000000a6af600000) (1024K)]
  0x000002270575fe10 WorkerThread "GC Thread#0"                     [id=13784, stack(0x000000a6af400000,0x000000a6af500000) (1024K)]
  0x00000227693cfdc0 WorkerThread "GC Thread#1"                     [id=15196, stack(0x000000a6b0100000,0x000000a6b0200000) (1024K)]
  0x0000022769018bf0 WorkerThread "GC Thread#2"                     [id=13996, stack(0x000000a6b0200000,0x000000a6b0300000) (1024K)]
  0x0000022769018fa0 WorkerThread "GC Thread#3"                     [id=1492, stack(0x000000a6b0300000,0x000000a6b0400000) (1024K)]
Total: 6

Threads with active compile tasks:
C2 CompilerThread0  312219 14886       4       org.eclipse.jdt.internal.core.search.indexing.BinaryIndexer::extractReferenceFromConstantPool (358 bytes)
Total: 1

VM state: not at safepoint (normal execution)

VM Mutex/Monitor currently owned by a thread: None

OutOfMemory and StackOverflow Exception counts:
OutOfMemoryError java_heap_errors=4
LinkageErrors=145

Heap address: 0x0000000700000000, size: 4096 MB, Compressed Oops mode: Zero based, Oop shift amount: 3

CDS archive(s) mapped at: [0x0000022723000000-0x0000022723ba0000-0x0000022723ba0000), size 12189696, SharedBaseAddress: 0x0000022723000000, ArchiveRelocationMode: 1.
Compressed class space mapped at: 0x0000022724000000-0x0000022764000000, reserved size: 1073741824
Narrow klass base: 0x0000022723000000, Narrow klass shift: 0, Narrow klass range: 0x100000000

GC Precious Log:
 CardTable entry size: 512
 CPUs: 4 total, 4 available
 Memory: 4053M
 Large Page Support: Disabled
 NUMA Support: Disabled
 Compressed Oops: Enabled (Zero based)
 Alignments: Space 512K, Generation 512K, Heap 2M
 Heap Min Capacity: 100M
 Heap Initial Capacity: 100M
 Heap Max Capacity: 4G
 Pre-touch: Disabled
 Parallel Workers: 4

Heap:
 PSYoungGen      total 55808K, used 18386K [0x00000007aab00000, 0x00000007aee00000, 0x0000000800000000)
  eden space 44544K, 16% used [0x00000007aab00000,0x00000007ab1fa1b0,0x00000007ad680000)
  from space 11264K, 99% used [0x00000007ae300000,0x00000007aedfa7c8,0x00000007aee00000)
  to   space 9728K, 0% used [0x00000007ad680000,0x00000007ad680000,0x00000007ae000000)
 ParOldGen       total 2796544K, used 1492627K [0x0000000700000000, 0x00000007aab00000, 0x00000007aab00000)
  object space 2796544K, 53% used [0x0000000700000000,0x000000075b1a4d48,0x00000007aab00000)
 Metaspace       used 76723K, committed 78144K, reserved 1179648K
  class space    used 8185K, committed 8832K, reserved 1048576K

Card table byte_map: [0x00000227193f0000,0x0000022719c00000] _byte_map_base: 0x0000022715bf0000

Marking Bits: (ParMarkBitMap*) 0x00007ffc641b44a0
 Begin Bits: [0x000002271a160000, 0x000002271e160000)
 End Bits:   [0x000002271e160000, 0x0000022722160000)

Polling page: 0x0000022705510000

Metaspace:

Usage:
  Non-class:     66.93 MB used.
      Class:      7.99 MB used.
       Both:     74.93 MB used.

Virtual space:
  Non-class space:      128.00 MB reserved,      67.69 MB ( 53%) committed,  2 nodes.
      Class space:        1.00 GB reserved,       8.62 MB ( <1%) committed,  1 nodes.
             Both:        1.12 GB reserved,      76.31 MB (  7%) committed. 

Chunk freelists:
   Non-Class:  11.56 MB
       Class:  7.40 MB
        Both:  18.97 MB

MaxMetaspaceSize: unlimited
CompressedClassSpaceSize: 1.00 GB
Initial GC threshold: 21.00 MB
Current GC threshold: 126.06 MB
CDS: on
 - commit_granule_bytes: 65536.
 - commit_granule_words: 8192.
 - virtual_space_node_default_size: 8388608.
 - enlarge_chunks_in_place: 1.
 - use_allocation_guard: 0.


Internal statistics:

num_allocs_failed_limit: 11.
num_arena_births: 1628.
num_arena_deaths: 600.
num_vsnodes_births: 3.
num_vsnodes_deaths: 0.
num_space_committed: 1221.
num_space_uncommitted: 0.
num_chunks_returned_to_freelist: 754.
num_chunks_taken_from_freelist: 5433.
num_chunk_merges: 184.
num_chunk_splits: 3024.
num_chunks_enlarged: 1684.
num_inconsistent_stats: 0.

CodeHeap 'non-profiled nmethods': size=120000Kb used=6813Kb max_used=8282Kb free=113187Kb
 bounds [0x0000022711ce0000, 0x0000022712530000, 0x0000022719210000]
CodeHeap 'profiled nmethods': size=120000Kb used=15273Kb max_used=23524Kb free=104726Kb
 bounds [0x000002270a210000, 0x000002270b950000, 0x0000022711740000]
CodeHeap 'non-nmethods': size=5760Kb used=1498Kb max_used=1563Kb free=4262Kb
 bounds [0x0000022711740000, 0x00000227119b0000, 0x0000022711ce0000]
CodeCache: size=245760Kb, used=23584Kb, max_used=33369Kb, free=222175Kb
 total_blobs=8027, nmethods=7208, adapters=724, full_count=0
Compilation: enabled, stopped_count=0, restarted_count=0

Compilation events (20 events):
Event: 310.977 Thread 0x0000022722b522c0 nmethod 14876 0x0000022711e1ac90 code [0x0000022711e1ae20, 0x0000022711e1aee8]
Event: 311.038 Thread 0x0000022722aecdc0 14878       4       org.eclipse.jdt.internal.compiler.classfmt.InnerClassInfo::getEnclosingTypeName (76 bytes)
Event: 311.084 Thread 0x0000022722aecdc0 nmethod 14878 0x00000227120f9890 code [0x00000227120f9b20, 0x00000227120fac40]
Event: 311.152 Thread 0x0000022722aecdc0 14879       4       jdk.internal.jimage.ImageBufferCache::releaseBuffer (71 bytes)
Event: 311.161 Thread 0x0000022722aecdc0 nmethod 14879 0x0000022711e5eb90 code [0x0000022711e5eda0, 0x0000022711e5f2e0]
Event: 311.182 Thread 0x0000022722aecdc0 14880       4       org.eclipse.jdt.internal.compiler.classfmt.ClassFileReader::isLocal (42 bytes)
Event: 311.184 Thread 0x0000022722aecdc0 nmethod 14880 0x00000227121cdf90 code [0x00000227121ce140, 0x00000227121ce280]
Event: 311.250 Thread 0x0000022722b522c0 14881       3       org.eclipse.jdt.internal.core.search.indexing.BinaryIndexer::extractReferenceFromConstantPool (358 bytes)
Event: 311.252 Thread 0x0000022722b522c0 nmethod 14881 0x000002270b2efd10 code [0x000002270b2f00e0, 0x000002270b2f1b30]
Event: 311.472 Thread 0x0000022722aecdc0 14882       4       org.eclipse.jdt.internal.core.search.matching.ConstructorPattern::createDeclarationIndexKey (583 bytes)
Event: 311.519 Thread 0x0000022722aecdc0 nmethod 14882 0x0000022712344f10 code [0x00000227123451c0, 0x0000022712346d20]
Event: 311.519 Thread 0x0000022722aecdc0 14883       4       org.eclipse.jdt.internal.core.search.matching.ConstructorPattern::encodeExtraFlags (49 bytes)
Event: 311.520 Thread 0x0000022722aecdc0 nmethod 14883 0x0000022711e1d910 code [0x0000022711e1da80, 0x0000022711e1db20]
Event: 311.539 Thread 0x0000022722b522c0 14884   !   3       org.eclipse.core.internal.jobs.JobManager::select (160 bytes)
Event: 311.541 Thread 0x0000022722b522c0 nmethod 14884 0x000002270af51410 code [0x000002270af51720, 0x000002270af52ac8]
Event: 311.546 Thread 0x0000022722aecdc0 14885       4       org.eclipse.jdt.internal.core.search.matching.SuperTypeReferencePattern::createIndexKey (619 bytes)
Event: 311.642 Thread 0x0000022722aecdc0 nmethod 14885 0x0000022712252c90 code [0x0000022712252fa0, 0x0000022712255a38]
Event: 311.642 Thread 0x0000022722aecdc0 14886       4       org.eclipse.jdt.internal.core.search.indexing.BinaryIndexer::extractReferenceFromConstantPool (358 bytes)
Event: 311.767 Thread 0x0000022722b522c0 14888   !   3       org.eclipse.jdt.internal.core.search.indexing.BinaryIndexer::indexDocument (1172 bytes)
Event: 311.778 Thread 0x0000022722b522c0 nmethod 14888 0x000002270a6b1b10 code [0x000002270a6b24e0, 0x000002270a6b80a8]

GC Heap History (20 events):
Event: 212.708 GC heap before
{Heap before GC invocations=76 (full 9):
 PSYoungGen      total 41984K, used 39274K [0x00000007aab00000, 0x00000007ad800000, 0x0000000800000000)
  eden space 38400K, 94% used [0x00000007aab00000,0x00000007ace468e8,0x00000007ad080000)
  from space 3584K, 87% used [0x00000007ad480000,0x00000007ad794180,0x00000007ad800000)
  to   space 3584K, 0% used [0x00000007ad100000,0x00000007ad100000,0x00000007ad480000)
 ParOldGen       total 2796544K, used 1465129K [0x0000000700000000, 0x00000007aab00000, 0x00000007aab00000)
  object space 2796544K, 52% used [0x0000000700000000,0x00000007596ca7d8,0x00000007aab00000)
 Metaspace       used 75985K, committed 77440K, reserved 1179648K
  class space    used 8151K, committed 8832K, reserved 1048576K
}
Event: 213.870 GC heap after
{Heap after GC invocations=76 (full 9):
 PSYoungGen      total 42496K, used 3552K [0x00000007aab00000, 0x00000007adb80000, 0x0000000800000000)
  eden space 38912K, 0% used [0x00000007aab00000,0x00000007aab00000,0x00000007ad100000)
  from space 3584K, 99% used [0x00000007ad100000,0x00000007ad478020,0x00000007ad480000)
  to   space 5120K, 0% used [0x00000007ad680000,0x00000007ad680000,0x00000007adb80000)
 ParOldGen       total 2796544K, used 1466362K [0x0000000700000000, 0x00000007aab00000, 0x00000007aab00000)
  object space 2796544K, 52% used [0x0000000700000000,0x00000007597fe828,0x00000007aab00000)
 Metaspace       used 75985K, committed 77440K, reserved 1179648K
  class space    used 8151K, committed 8832K, reserved 1048576K
}
Event: 213.871 GC heap before
{Heap before GC invocations=77 (full 9):
 PSYoungGen      total 42496K, used 3552K [0x00000007aab00000, 0x00000007adb80000, 0x0000000800000000)
  eden space 38912K, 0% used [0x00000007aab00000,0x00000007aab00000,0x00000007ad100000)
  from space 3584K, 99% used [0x00000007ad100000,0x00000007ad478020,0x00000007ad480000)
  to   space 5120K, 0% used [0x00000007ad680000,0x00000007ad680000,0x00000007adb80000)
 ParOldGen       total 2796544K, used 1466362K [0x0000000700000000, 0x00000007aab00000, 0x00000007aab00000)
  object space 2796544K, 52% used [0x0000000700000000,0x00000007597fe828,0x00000007aab00000)
 Metaspace       used 75985K, committed 77440K, reserved 1179648K
  class space    used 8151K, committed 8832K, reserved 1048576K
}
Event: 213.925 GC heap after
{Heap after GC invocations=77 (full 9):
 PSYoungGen      total 46080K, used 2464K [0x00000007aab00000, 0x00000007adb80000, 0x0000000800000000)
  eden space 40960K, 0% used [0x00000007aab00000,0x00000007aab00000,0x00000007ad300000)
  from space 5120K, 48% used [0x00000007ad680000,0x00000007ad8e8000,0x00000007adb80000)
  to   space 3584K, 0% used [0x00000007ad300000,0x00000007ad300000,0x00000007ad680000)
 ParOldGen       total 2796544K, used 1467516K [0x0000000700000000, 0x00000007aab00000, 0x00000007aab00000)
  object space 2796544K, 52% used [0x0000000700000000,0x000000075991f148,0x00000007aab00000)
 Metaspace       used 75985K, committed 77440K, reserved 1179648K
  class space    used 8151K, committed 8832K, reserved 1048576K
}
Event: 213.925 GC heap before
{Heap before GC invocations=78 (full 10):
 PSYoungGen      total 46080K, used 2464K [0x00000007aab00000, 0x00000007adb80000, 0x0000000800000000)
  eden space 40960K, 0% used [0x00000007aab00000,0x00000007aab00000,0x00000007ad300000)
  from space 5120K, 48% used [0x00000007ad680000,0x00000007ad8e8000,0x00000007adb80000)
  to   space 3584K, 0% used [0x00000007ad300000,0x00000007ad300000,0x00000007ad680000)
 ParOldGen       total 2796544K, used 1467516K [0x0000000700000000, 0x00000007aab00000, 0x00000007aab00000)
  object space 2796544K, 52% used [0x0000000700000000,0x000000075991f148,0x00000007aab00000)
 Metaspace       used 75985K, committed 77440K, reserved 1179648K
  class space    used 8151K, committed 8832K, reserved 1048576K
}
Event: 224.932 GC heap after
{Heap after GC invocations=78 (full 10):
 PSYoungGen      total 44544K, used 0K [0x00000007aab00000, 0x00000007ade00000, 0x0000000800000000)
  eden space 40960K, 0% used [0x00000007aab00000,0x00000007aab00000,0x00000007ad300000)
  from space 3584K, 0% used [0x00000007ad300000,0x00000007ad300000,0x00000007ad680000)
  to   space 3584K, 0% used [0x00000007ada80000,0x00000007ada80000,0x00000007ade00000)
 ParOldGen       total 1608192K, used 1466993K [0x0000000700000000, 0x0000000762280000, 0x00000007aab00000)
  object space 1608192K, 91% used [0x0000000700000000,0x000000075989c590,0x0000000762280000)
 Metaspace       used 75985K, committed 77440K, reserved 1179648K
  class space    used 8151K, committed 8832K, reserved 1048576K
}
Event: 224.944 GC heap before
{Heap before GC invocations=79 (full 10):
 PSYoungGen      total 44544K, used 0K [0x00000007aab00000, 0x00000007ade00000, 0x0000000800000000)
  eden space 40960K, 0% used [0x00000007aab00000,0x00000007aab00000,0x00000007ad300000)
  from space 3584K, 0% used [0x00000007ad300000,0x00000007ad300000,0x00000007ad680000)
  to   space 3584K, 0% used [0x00000007ada80000,0x00000007ada80000,0x00000007ade00000)
 ParOldGen       total 2796544K, used 1466993K [0x0000000700000000, 0x00000007aab00000, 0x00000007aab00000)
  object space 2796544K, 52% used [0x0000000700000000,0x000000075989c590,0x00000007aab00000)
 Metaspace       used 75985K, committed 77440K, reserved 1179648K
  class space    used 8151K, committed 8832K, reserved 1048576K
}
Event: 225.022 GC heap after
{Heap after GC invocations=79 (full 10):
 PSYoungGen      total 45056K, used 0K [0x00000007aab00000, 0x00000007adb00000, 0x0000000800000000)
  eden space 44544K, 0% used [0x00000007aab00000,0x00000007aab00000,0x00000007ad680000)
  from space 512K, 0% used [0x00000007ada80000,0x00000007ada80000,0x00000007adb00000)
  to   space 1536K, 0% used [0x00000007ad800000,0x00000007ad800000,0x00000007ad980000)
 ParOldGen       total 2796544K, used 1466993K [0x0000000700000000, 0x00000007aab00000, 0x00000007aab00000)
  object space 2796544K, 52% used [0x0000000700000000,0x000000075989c590,0x00000007aab00000)
 Metaspace       used 75985K, committed 77440K, reserved 1179648K
  class space    used 8151K, committed 8832K, reserved 1048576K
}
Event: 225.022 GC heap before
{Heap before GC invocations=80 (full 11):
 PSYoungGen      total 45056K, used 0K [0x00000007aab00000, 0x00000007adb00000, 0x0000000800000000)
  eden space 44544K, 0% used [0x00000007aab00000,0x00000007aab00000,0x00000007ad680000)
  from space 512K, 0% used [0x00000007ada80000,0x00000007ada80000,0x00000007adb00000)
  to   space 1536K, 0% used [0x00000007ad800000,0x00000007ad800000,0x00000007ad980000)
 ParOldGen       total 2796544K, used 1466993K [0x0000000700000000, 0x00000007aab00000, 0x00000007aab00000)
  object space 2796544K, 52% used [0x0000000700000000,0x000000075989c590,0x00000007aab00000)
 Metaspace       used 75985K, committed 77440K, reserved 1179648K
  class space    used 8151K, committed 8832K, reserved 1048576K
}
Event: 233.854 GC heap after
{Heap after GC invocations=80 (full 11):
 PSYoungGen      total 47616K, used 0K [0x00000007aab00000, 0x00000007adc80000, 0x0000000800000000)
  eden space 46080K, 0% used [0x00000007aab00000,0x00000007aab00000,0x00000007ad800000)
  from space 1536K, 0% used [0x00000007ad800000,0x00000007ad800000,0x00000007ad980000)
  to   space 1536K, 0% used [0x00000007adb00000,0x00000007adb00000,0x00000007adc80000)
 ParOldGen       total 1634816K, used 1465519K [0x0000000700000000, 0x0000000763c80000, 0x00000007aab00000)
  object space 1634816K, 89% used [0x0000000700000000,0x000000075972be50,0x0000000763c80000)
 Metaspace       used 75909K, committed 77440K, reserved 1179648K
  class space    used 8131K, committed 8832K, reserved 1048576K
}
Event: 295.482 GC heap before
{Heap before GC invocations=81 (full 11):
 PSYoungGen      total 47616K, used 46080K [0x00000007aab00000, 0x00000007adc80000, 0x0000000800000000)
  eden space 46080K, 100% used [0x00000007aab00000,0x00000007ad800000,0x00000007ad800000)
  from space 1536K, 0% used [0x00000007ad800000,0x00000007ad800000,0x00000007ad980000)
  to   space 1536K, 0% used [0x00000007adb00000,0x00000007adb00000,0x00000007adc80000)
 ParOldGen       total 2796544K, used 1465519K [0x0000000700000000, 0x00000007aab00000, 0x00000007aab00000)
  object space 2796544K, 52% used [0x0000000700000000,0x000000075972be50,0x00000007aab00000)
 Metaspace       used 76389K, committed 77888K, reserved 1179648K
  class space    used 8156K, committed 8832K, reserved 1048576K
}
Event: 295.506 GC heap after
{Heap after GC invocations=81 (full 11):
 PSYoungGen      total 47104K, used 1519K [0x00000007aab00000, 0x00000007ae180000, 0x0000000800000000)
  eden space 45568K, 0% used [0x00000007aab00000,0x00000007aab00000,0x00000007ad780000)
  from space 1536K, 98% used [0x00000007adb00000,0x00000007adc7bd50,0x00000007adc80000)
  to   space 3584K, 0% used [0x00000007ad780000,0x00000007ad780000,0x00000007adb00000)
 ParOldGen       total 2796544K, used 1466771K [0x0000000700000000, 0x00000007aab00000, 0x00000007aab00000)
  object space 2796544K, 52% used [0x0000000700000000,0x0000000759864d60,0x00000007aab00000)
 Metaspace       used 76389K, committed 77888K, reserved 1179648K
  class space    used 8156K, committed 8832K, reserved 1048576K
}
Event: 298.373 GC heap before
{Heap before GC invocations=82 (full 11):
 PSYoungGen      total 47104K, used 47087K [0x00000007aab00000, 0x00000007ae180000, 0x0000000800000000)
  eden space 45568K, 99% used [0x00000007aab00000,0x00000007ad77fec0,0x00000007ad780000)
  from space 1536K, 98% used [0x00000007adb00000,0x00000007adc7bd50,0x00000007adc80000)
  to   space 3584K, 0% used [0x00000007ad780000,0x00000007ad780000,0x00000007adb00000)
 ParOldGen       total 2796544K, used 1466771K [0x0000000700000000, 0x00000007aab00000, 0x00000007aab00000)
  object space 2796544K, 52% used [0x0000000700000000,0x0000000759864d60,0x00000007aab00000)
 Metaspace       used 76541K, committed 78016K, reserved 1179648K
  class space    used 8159K, committed 8832K, reserved 1048576K
}
Event: 298.396 GC heap after
{Heap after GC invocations=82 (full 11):
 PSYoungGen      total 49152K, used 3559K [0x00000007aab00000, 0x00000007aef80000, 0x0000000800000000)
  eden space 45568K, 0% used [0x00000007aab00000,0x00000007aab00000,0x00000007ad780000)
  from space 3584K, 99% used [0x00000007ad780000,0x00000007adaf9f88,0x00000007adb00000)
  to   space 11264K, 0% used [0x00000007ae480000,0x00000007ae480000,0x00000007aef80000)
 ParOldGen       total 2796544K, used 1472864K [0x0000000700000000, 0x00000007aab00000, 0x00000007aab00000)
  object space 2796544K, 52% used [0x0000000700000000,0x0000000759e58240,0x00000007aab00000)
 Metaspace       used 76541K, committed 78016K, reserved 1179648K
  class space    used 8159K, committed 8832K, reserved 1048576K
}
Event: 304.745 GC heap before
{Heap before GC invocations=83 (full 11):
 PSYoungGen      total 49152K, used 49127K [0x00000007aab00000, 0x00000007aef80000, 0x0000000800000000)
  eden space 45568K, 100% used [0x00000007aab00000,0x00000007ad780000,0x00000007ad780000)
  from space 3584K, 99% used [0x00000007ad780000,0x00000007adaf9f88,0x00000007adb00000)
  to   space 11264K, 0% used [0x00000007ae480000,0x00000007ae480000,0x00000007aef80000)
 ParOldGen       total 2796544K, used 1472864K [0x0000000700000000, 0x00000007aab00000, 0x00000007aab00000)
  object space 2796544K, 52% used [0x0000000700000000,0x0000000759e58240,0x00000007aab00000)
 Metaspace       used 76542K, committed 78016K, reserved 1179648K
  class space    used 8159K, committed 8832K, reserved 1048576K
}
Event: 304.765 GC heap after
{Heap after GC invocations=83 (full 11):
 PSYoungGen      total 55808K, used 11246K [0x00000007aab00000, 0x00000007af580000, 0x0000000800000000)
  eden space 44544K, 0% used [0x00000007aab00000,0x00000007aab00000,0x00000007ad680000)
  from space 11264K, 99% used [0x00000007ae480000,0x00000007aef7bb48,0x00000007aef80000)
  to   space 14336K, 0% used [0x00000007ad680000,0x00000007ad680000,0x00000007ae480000)
 ParOldGen       total 2796544K, used 1474703K [0x0000000700000000, 0x00000007aab00000, 0x00000007aab00000)
  object space 2796544K, 52% used [0x0000000700000000,0x000000075a023e30,0x00000007aab00000)
 Metaspace       used 76542K, committed 78016K, reserved 1179648K
  class space    used 8159K, committed 8832K, reserved 1048576K
}
Event: 308.777 GC heap before
{Heap before GC invocations=84 (full 11):
 PSYoungGen      total 55808K, used 55790K [0x00000007aab00000, 0x00000007af580000, 0x0000000800000000)
  eden space 44544K, 100% used [0x00000007aab00000,0x00000007ad680000,0x00000007ad680000)
  from space 11264K, 99% used [0x00000007ae480000,0x00000007aef7bb48,0x00000007aef80000)
  to   space 14336K, 0% used [0x00000007ad680000,0x00000007ad680000,0x00000007ae480000)
 ParOldGen       total 2796544K, used 1474703K [0x0000000700000000, 0x00000007aab00000, 0x00000007aab00000)
  object space 2796544K, 52% used [0x0000000700000000,0x000000075a023e30,0x00000007aab00000)
 Metaspace       used 76552K, committed 78016K, reserved 1179648K
  class space    used 8161K, committed 8832K, reserved 1048576K
}
Event: 308.804 GC heap after
{Heap after GC invocations=84 (full 11):
 PSYoungGen      total 54272K, used 9559K [0x00000007aab00000, 0x00000007aee00000, 0x0000000800000000)
  eden space 44544K, 0% used [0x00000007aab00000,0x00000007aab00000,0x00000007ad680000)
  from space 9728K, 98% used [0x00000007ad680000,0x00000007adfd5e38,0x00000007ae000000)
  to   space 11264K, 0% used [0x00000007ae300000,0x00000007ae300000,0x00000007aee00000)
 ParOldGen       total 2796544K, used 1485392K [0x0000000700000000, 0x00000007aab00000, 0x00000007aab00000)
  object space 2796544K, 53% used [0x0000000700000000,0x000000075aa94010,0x00000007aab00000)
 Metaspace       used 76552K, committed 78016K, reserved 1179648K
  class space    used 8161K, committed 8832K, reserved 1048576K
}
Event: 311.421 GC heap before
{Heap before GC invocations=85 (full 11):
 PSYoungGen      total 54272K, used 54103K [0x00000007aab00000, 0x00000007aee00000, 0x0000000800000000)
  eden space 44544K, 100% used [0x00000007aab00000,0x00000007ad680000,0x00000007ad680000)
  from space 9728K, 98% used [0x00000007ad680000,0x00000007adfd5e38,0x00000007ae000000)
  to   space 11264K, 0% used [0x00000007ae300000,0x00000007ae300000,0x00000007aee00000)
 ParOldGen       total 2796544K, used 1485392K [0x0000000700000000, 0x00000007aab00000, 0x00000007aab00000)
  object space 2796544K, 53% used [0x0000000700000000,0x000000075aa94010,0x00000007aab00000)
 Metaspace       used 76722K, committed 78144K, reserved 1179648K
  class space    used 8185K, committed 8832K, reserved 1048576K
}
Event: 311.460 GC heap after
{Heap after GC invocations=85 (full 11):
 PSYoungGen      total 55808K, used 11241K [0x00000007aab00000, 0x00000007aee00000, 0x0000000800000000)
  eden space 44544K, 0% used [0x00000007aab00000,0x00000007aab00000,0x00000007ad680000)
  from space 11264K, 99% used [0x00000007ae300000,0x00000007aedfa7c8,0x00000007aee00000)
  to   space 9728K, 0% used [0x00000007ad680000,0x00000007ad680000,0x00000007ae000000)
 ParOldGen       total 2796544K, used 1492627K [0x0000000700000000, 0x00000007aab00000, 0x00000007aab00000)
  object space 2796544K, 53% used [0x0000000700000000,0x000000075b1a4d48,0x00000007aab00000)
 Metaspace       used 76722K, committed 78144K, reserved 1179648K
  class space    used 8185K, committed 8832K, reserved 1048576K
}

Dll operation events (20 events):
Event: 1.658 Attempting to load shared library C:\Users\marqu\.vscode\extensions\redhat.java-1.56.0-win32-x64\jre\21.0.12.1-win32-x86_64\bin\instrument.dll
Event: 1.658 Loaded shared library C:\Users\marqu\.vscode\extensions\redhat.java-1.56.0-win32-x64\jre\21.0.12.1-win32-x86_64\bin\instrument.dll
Event: 1.674 Attempting to load shared library C:\Users\marqu\.vscode\extensions\redhat.java-1.56.0-win32-x64\jre\21.0.12.1-win32-x86_64\bin\net.dll
Event: 1.868 Loaded shared library C:\Users\marqu\.vscode\extensions\redhat.java-1.56.0-win32-x64\jre\21.0.12.1-win32-x86_64\bin\net.dll
Event: 1.871 Attempting to load shared library C:\Users\marqu\.vscode\extensions\redhat.java-1.56.0-win32-x64\jre\21.0.12.1-win32-x86_64\bin\nio.dll
Event: 1.988 Loaded shared library C:\Users\marqu\.vscode\extensions\redhat.java-1.56.0-win32-x64\jre\21.0.12.1-win32-x86_64\bin\nio.dll
Event: 1.993 Attempting to load shared library C:\Users\marqu\.vscode\extensions\redhat.java-1.56.0-win32-x64\jre\21.0.12.1-win32-x86_64\bin\zip.dll
Event: 1.993 Loaded shared library C:\Users\marqu\.vscode\extensions\redhat.java-1.56.0-win32-x64\jre\21.0.12.1-win32-x86_64\bin\zip.dll
Event: 2.085 Attempting to load shared library C:\Users\marqu\.vscode\extensions\redhat.java-1.56.0-win32-x64\jre\21.0.12.1-win32-x86_64\bin\jimage.dll
Event: 2.085 Loaded shared library C:\Users\marqu\.vscode\extensions\redhat.java-1.56.0-win32-x64\jre\21.0.12.1-win32-x86_64\bin\jimage.dll
Event: 2.392 Attempting to load shared library c:\Users\marqu\.vscode\extensions\redhat.java-1.56.0-win32-x64\jre\21.0.12.1-win32-x86_64\bin\verify.dll
Event: 2.488 Loaded shared library c:\Users\marqu\.vscode\extensions\redhat.java-1.56.0-win32-x64\jre\21.0.12.1-win32-x86_64\bin\verify.dll
Event: 14.184 Attempting to load shared library C:\Users\marqu\AppData\Roaming\Code\User\globalStorage\redhat.java\1.56.0\config_win\org.eclipse.equinox.launcher\org.eclipse.equinox.launcher.win32.win32.x86_64_1.3.100.v20260804-1928\eclipse_11924.dll
Event: 14.616 Loaded shared library C:\Users\marqu\AppData\Roaming\Code\User\globalStorage\redhat.java\1.56.0\config_win\org.eclipse.equinox.launcher\org.eclipse.equinox.launcher.win32.win32.x86_64_1.3.100.v20260804-1928\eclipse_11924.dll
Event: 26.935 Attempting to load shared library C:\Users\marqu\AppData\Local\Temp\jna-103666690\jna3292678831181546013.dll
Event: 27.020 Loaded shared library C:\Users\marqu\AppData\Local\Temp\jna-103666690\jna3292678831181546013.dll
Event: 29.456 Attempting to load shared library C:\Users\marqu\.vscode\extensions\redhat.java-1.56.0-win32-x64\jre\21.0.12.1-win32-x86_64\bin\sunmscapi.dll
Event: 29.601 Loaded shared library C:\Users\marqu\.vscode\extensions\redhat.java-1.56.0-win32-x64\jre\21.0.12.1-win32-x86_64\bin\sunmscapi.dll
Event: 31.527 Attempting to load shared library C:\Users\marqu\.vscode\extensions\redhat.java-1.56.0-win32-x64\jre\21.0.12.1-win32-x86_64\bin\extnet.dll
Event: 31.605 Loaded shared library C:\Users\marqu\.vscode\extensions\redhat.java-1.56.0-win32-x64\jre\21.0.12.1-win32-x86_64\bin\extnet.dll

Deoptimization events (20 events):
Event: 311.397 Thread 0x000002276b762e20 DEOPT PACKING pc=0x000002270b2f1783 sp=0x000000a6b10fe8b0
Event: 311.397 Thread 0x000002276b762e20 DEOPT UNPACKING pc=0x0000022711794242 sp=0x000000a6b10fde18 mode 0
Event: 311.469 Thread 0x000002276b762e20 DEOPT PACKING pc=0x000002270b2f1703 sp=0x000000a6b10fe8b0
Event: 311.469 Thread 0x000002276b762e20 DEOPT UNPACKING pc=0x0000022711794242 sp=0x000000a6b10fde18 mode 0
Event: 311.522 Thread 0x000002276b762e20 Uncommon trap: trap_request=0xffffffe4 fr.pc=0x00000227123462ec relative=0x000000000000112c
Event: 311.522 Thread 0x000002276b762e20 Uncommon trap: reason=range_check action=make_not_entrant pc=0x00000227123462ec method=org.eclipse.jdt.internal.core.search.matching.ConstructorPattern.createDeclarationIndexKey([CI[C[[C[[CI[CII)[C @ 352 c2
Event: 311.522 Thread 0x000002276b762e20 DEOPT PACKING pc=0x00000227123462ec sp=0x000000a6b10fe870
Event: 311.522 Thread 0x000002276b762e20 DEOPT UNPACKING pc=0x0000022711793aa2 sp=0x000000a6b10fe7b0 mode 2
Event: 311.556 Thread 0x000002276b762e20 DEOPT PACKING pc=0x000002270b2f1928 sp=0x000000a6b10fe8b0
Event: 311.556 Thread 0x000002276b762e20 DEOPT UNPACKING pc=0x0000022711794242 sp=0x000000a6b10fde18 mode 0
Event: 311.619 Thread 0x000002276b762e20 DEOPT PACKING pc=0x000002270b2f1783 sp=0x000000a6b10fe8b0
Event: 311.619 Thread 0x000002276b762e20 DEOPT UNPACKING pc=0x0000022711794242 sp=0x000000a6b10fde18 mode 0
Event: 311.672 Thread 0x000002276b762e20 DEOPT PACKING pc=0x000002270b2f1703 sp=0x000000a6b10fe8b0
Event: 311.672 Thread 0x000002276b762e20 DEOPT UNPACKING pc=0x0000022711794242 sp=0x000000a6b10fde18 mode 0
Event: 311.681 Thread 0x000002276b762e20 Uncommon trap: trap_request=0xffffff45 fr.pc=0x0000022712519bb0 relative=0x0000000000004210
Event: 311.681 Thread 0x000002276b762e20 Uncommon trap: reason=unstable_if action=reinterpret pc=0x0000022712519bb0 method=org.eclipse.jdt.internal.core.search.indexing.BinaryIndexer.indexDocument()V @ 318 c2
Event: 311.681 Thread 0x000002276b762e20 DEOPT PACKING pc=0x0000022712519bb0 sp=0x000000a6b10fea30
Event: 311.681 Thread 0x000002276b762e20 DEOPT UNPACKING pc=0x0000022711793aa2 sp=0x000000a6b10fe9c0 mode 2
Event: 311.705 Thread 0x000002276b762e20 DEOPT PACKING pc=0x000002270b2f1783 sp=0x000000a6b10fe850
Event: 311.705 Thread 0x000002276b762e20 DEOPT UNPACKING pc=0x0000022711794242 sp=0x000000a6b10fddd0 mode 0

Classes loaded (20 events):
Event: 125.903 Loading class java/lang/StackStreamFactory$CallerClassFinder done
Event: 125.903 Loading class java/lang/StackStreamFactory$CallerClassFinder$ClassBuffer
Event: 125.904 Loading class java/lang/StackStreamFactory$CallerClassFinder$ClassBuffer done
Event: 125.904 Loading class java/lang/invoke/MethodHandleImpl$CountingWrapper$1 done
Event: 138.080 Loading class java/lang/Throwable$WrappedPrintStream
Event: 138.080 Loading class java/lang/Throwable$WrappedPrintStream done
Event: 140.949 Loading class java/nio/file/Path$1
Event: 140.949 Loading class java/nio/file/Path$1 done
Event: 141.615 Loading class java/util/ImmutableCollections$SubList
Event: 141.644 Loading class java/util/ImmutableCollections$SubList done
Event: 174.982 Loading class java/util/function/IntPredicate
Event: 174.982 Loading class java/util/function/IntPredicate done
Event: 175.011 Loading class java/util/regex/Pattern$Bound
Event: 175.011 Loading class java/util/regex/Pattern$Bound done
Event: 236.519 Loading class java/util/ArrayDeque$DeqSpliterator
Event: 236.525 Loading class java/util/ArrayDeque$DeqSpliterator done
Event: 309.005 Loading class java/util/stream/ReferencePipeline$15
Event: 309.006 Loading class java/util/stream/ReferencePipeline$15 done
Event: 309.007 Loading class java/util/stream/ReferencePipeline$15$1
Event: 309.007 Loading class java/util/stream/ReferencePipeline$15$1 done

Classes unloaded (20 events):
Event: 227.421 Thread 0x0000022722ace750 Unloading class 0x0000022724814400 'java/lang/invoke/LambdaForm$MH+0x0000022724814400'
Event: 227.421 Thread 0x0000022722ace750 Unloading class 0x0000022724814000 'java/lang/invoke/LambdaForm$MH+0x0000022724814000'
Event: 227.421 Thread 0x0000022722ace750 Unloading class 0x0000022724000400 'java/lang/invoke/LambdaForm$MH+0x0000022724000400'
Event: 227.421 Thread 0x0000022722ace750 Unloading class 0x0000022724001800 'java/lang/invoke/LambdaForm$MH+0x0000022724001800'
Event: 227.421 Thread 0x0000022722ace750 Unloading class 0x0000022724214800 'java/lang/invoke/LambdaForm$DMH+0x0000022724214800'
Event: 227.421 Thread 0x0000022722ace750 Unloading class 0x00000227247b9000 'java/lang/invoke/LambdaForm$MH+0x00000227247b9000'
Event: 227.422 Thread 0x0000022722ace750 Unloading class 0x00000227247b8400 'java/lang/invoke/LambdaForm$MH+0x00000227247b8400'
Event: 227.422 Thread 0x0000022722ace750 Unloading class 0x00000227247b3400 'java/lang/invoke/LambdaForm$MH+0x00000227247b3400'
Event: 227.422 Thread 0x0000022722ace750 Unloading class 0x00000227246ec000 'java/lang/invoke/LambdaForm$MH+0x00000227246ec000'
Event: 227.422 Thread 0x0000022722ace750 Unloading class 0x00000227245ce000 'java/lang/invoke/LambdaForm$MH+0x00000227245ce000'
Event: 227.422 Thread 0x0000022722ace750 Unloading class 0x00000227245cd000 'java/lang/invoke/LambdaForm$MH+0x00000227245cd000'
Event: 227.422 Thread 0x0000022722ace750 Unloading class 0x00000227245cc800 'java/lang/invoke/LambdaForm$MH+0x00000227245cc800'
Event: 227.422 Thread 0x0000022722ace750 Unloading class 0x0000022724234400 'java/lang/invoke/LambdaForm$MH+0x0000022724234400'
Event: 227.423 Thread 0x0000022722ace750 Unloading class 0x000002272425b400 'java/lang/invoke/LambdaForm$MH+0x000002272425b400'
Event: 227.423 Thread 0x0000022722ace750 Unloading class 0x000002272429d000 'java/lang/invoke/LambdaForm$MH+0x000002272429d000'
Event: 227.423 Thread 0x0000022722ace750 Unloading class 0x000002272429fc00 'java/lang/invoke/LambdaForm$MH+0x000002272429fc00'
Event: 227.423 Thread 0x0000022722ace750 Unloading class 0x00000227242a0c00 'java/lang/invoke/LambdaForm$MH+0x00000227242a0c00'
Event: 227.424 Thread 0x0000022722ace750 Unloading class 0x00000227241a8800 'java/lang/invoke/LambdaForm$BMH+0x00000227241a8800'
Event: 227.424 Thread 0x0000022722ace750 Unloading class 0x00000227242a4c00 'java/lang/invoke/LambdaForm$MH+0x00000227242a4c00'
Event: 227.424 Thread 0x0000022722ace750 Unloading class 0x0000022724323000 'java/lang/invoke/LambdaForm$MH+0x0000022724323000'

Classes redefined (0 events):
No events

Internal exceptions (20 events):
Event: 193.430 Thread 0x000002276b765580 Exception <a 'java/io/FileNotFoundException'{0x00000007ab02a588}> (0x00000007ab02a588) 
thrown [s\src\hotspot\share\prims\jni.cpp, line 520]
Event: 193.471 Thread 0x000002276b765580 Exception <a 'java/io/FileNotFoundException'{0x00000007abbb2a40}> (0x00000007abbb2a40) 
thrown [s\src\hotspot\share\prims\jni.cpp, line 520]
Event: 193.481 Thread 0x000002276b765580 Exception <a 'java/io/FileNotFoundException'{0x00000007abbd68a0}> (0x00000007abbd68a0) 
thrown [s\src\hotspot\share\prims\jni.cpp, line 520]
Event: 234.098 Thread 0x000002276b768a00 Exception <a 'java/lang/OutOfMemoryError'{0x0000000700327e88}> (0x0000000700327e88) 
thrown [s\src\hotspot\share\gc\shared\memAllocator.cpp, line 136]
Event: 235.823 Thread 0x000002276b768a00 Exception <a 'java/io/FileNotFoundException'{0x00000007aab53050}> (0x00000007aab53050) 
thrown [s\src\hotspot\share\prims\jni.cpp, line 520]
Event: 236.631 Thread 0x000002276b765580 Exception <a 'java/io/FileNotFoundException'{0x00000007abc59900}> (0x00000007abc59900) 
thrown [s\src\hotspot\share\prims\jni.cpp, line 520]
Event: 237.388 Thread 0x000002276b762790 Exception <a 'java/lang/NoSuchMethodError'{0x00000007ac456500}: 'void java.lang.invoke.DelegatingMethodHandle$Holder.reinvoke_L(java.lang.Object, java.lang.Object, int)'> (0x00000007ac456500) 
thrown [s\src\hotspot\share\interpreter\linkResolver.cpp, line 773]
Event: 240.583 Thread 0x000002276b762e20 Exception <a 'sun/nio/fs/WindowsException'{0x00000007aca54720}> (0x00000007aca54720) 
thrown [s\src\hotspot\share\prims\jni.cpp, line 520]
Event: 294.494 Thread 0x000002276b3b4ab0 Exception <a 'java/lang/ArrayIndexOutOfBoundsException'{0x00000007acddb048}> (0x00000007acddb048) 
thrown [s\src\hotspot\share\runtime\sharedRuntime.cpp, line 625]
Event: 294.495 Thread 0x000002276b3b4ab0 Exception <a 'java/lang/ArrayIndexOutOfBoundsException'{0x00000007acddb688}> (0x00000007acddb688) 
thrown [s\src\hotspot\share\runtime\sharedRuntime.cpp, line 625]
Event: 294.497 Thread 0x000002276b3b4ab0 Exception <a 'java/lang/ArrayIndexOutOfBoundsException'{0x00000007acddba18}> (0x00000007acddba18) 
thrown [s\src\hotspot\share\runtime\sharedRuntime.cpp, line 625]
Event: 294.521 Thread 0x000002276b3b64f0 Exception <a 'java/io/FileNotFoundException'{0x00000007ab9942b8}> (0x00000007ab9942b8) 
thrown [s\src\hotspot\share\prims\jni.cpp, line 520]
Event: 294.705 Thread 0x000002276b762e20 Exception <a 'sun/nio/fs/WindowsException'{0x00000007acf7c698}> (0x00000007acf7c698) 
thrown [s\src\hotspot\share\prims\jni.cpp, line 520]
Event: 296.119 Thread 0x000002276b762e20 Implicit null exception at 0x0000022711db22e9 to 0x0000022711db249c
Event: 302.047 Thread 0x000002276b762e20 Implicit null exception at 0x00000227124fab7d to 0x00000227124ff3c0
Event: 304.028 Thread 0x000002276b762e20 Implicit null exception at 0x0000022712508c5a to 0x000002271250d2f4
Event: 308.753 Thread 0x000002276b3b4ab0 Exception <a 'java/lang/IncompatibleClassChangeError'{0x00000007ac111ac8}: Found class java.lang.Object, but interface was expected> (0x00000007ac111ac8) 
thrown [s\src\hotspot\share\interpreter\linkResolver.cpp, line 840]
Event: 309.039 Thread 0x000002276b762790 Implicit null exception at 0x00000227121417c6 to 0x0000022712141f00
Event: 309.161 Thread 0x000002276b762790 Exception <a 'java/io/FileNotFoundException'{0x00000007ab10f050}> (0x00000007ab10f050) 
thrown [s\src\hotspot\share\prims\jni.cpp, line 520]
Event: 309.162 Thread 0x000002276b762790 Exception <a 'java/io/FileNotFoundException'{0x00000007ab111460}> (0x00000007ab111460) 
thrown [s\src\hotspot\share\prims\jni.cpp, line 520]

ZGC Phase Switch (0 events):
No events

VM Operations (20 events):
Event: 298.373 Executing safepoint VM operation: ParallelGCFailedAllocation (Allocation Failure)
Event: 298.396 Executing safepoint VM operation: ParallelGCFailedAllocation (Allocation Failure) done
Event: 300.399 Executing safepoint VM operation: Cleanup
Event: 300.399 Executing safepoint VM operation: Cleanup done
Event: 301.779 Executing non-safepoint VM operation: HandshakeAllThreads (HandshakeForDeflation)
Event: 301.907 Executing non-safepoint VM operation: HandshakeAllThreads (HandshakeForDeflation) done
Event: 301.909 Executing non-safepoint VM operation: RendezvousGCThreads
Event: 301.909 Executing non-safepoint VM operation: RendezvousGCThreads done
Event: 302.910 Executing safepoint VM operation: Cleanup
Event: 303.006 Executing safepoint VM operation: Cleanup done
Event: 304.745 Executing safepoint VM operation: ParallelGCFailedAllocation (Allocation Failure)
Event: 304.765 Executing safepoint VM operation: ParallelGCFailedAllocation (Allocation Failure) done
Event: 306.765 Executing safepoint VM operation: Cleanup
Event: 306.768 Executing safepoint VM operation: Cleanup done
Event: 308.760 Executing safepoint VM operation: ParallelGCFailedAllocation (Allocation Failure)
Event: 308.804 Executing safepoint VM operation: ParallelGCFailedAllocation (Allocation Failure) done
Event: 310.806 Executing safepoint VM operation: Cleanup
Event: 310.817 Executing safepoint VM operation: Cleanup done
Event: 311.421 Executing safepoint VM operation: ParallelGCFailedAllocation (Allocation Failure)
Event: 311.460 Executing safepoint VM operation: ParallelGCFailedAllocation (Allocation Failure) done

Memory protections (0 events):
No events

Nmethod flushes (20 events):
Event: 229.938 Thread 0x0000022722ace750 flushing  nmethod 0x000002270b879790
Event: 229.938 Thread 0x0000022722ace750 flushing  nmethod 0x000002270b879b90
Event: 229.938 Thread 0x0000022722ace750 flushing  nmethod 0x000002270b87ad10
Event: 229.938 Thread 0x0000022722ace750 flushing  nmethod 0x000002270b8b9810
Event: 229.938 Thread 0x0000022722ace750 flushing  nmethod 0x000002270b8c1390
Event: 229.938 Thread 0x0000022722ace750 flushing  nmethod 0x000002270b8c1890
Event: 229.938 Thread 0x0000022722ace750 flushing  nmethod 0x000002270b8c4890
Event: 229.938 Thread 0x0000022722ace750 flushing  nmethod 0x000002270b8c5710
Event: 229.938 Thread 0x0000022722ace750 flushing  nmethod 0x000002270b8c7610
Event: 229.938 Thread 0x0000022722ace750 flushing  nmethod 0x000002270b8d2690
Event: 229.938 Thread 0x0000022722ace750 flushing  nmethod 0x000002270b8d3a10
Event: 229.938 Thread 0x0000022722ace750 flushing  nmethod 0x000002270b8e0c10
Event: 229.939 Thread 0x0000022722ace750 flushing  nmethod 0x000002270b8e1f10
Event: 229.939 Thread 0x0000022722ace750 flushing  nmethod 0x000002270b8e5290
Event: 229.939 Thread 0x0000022722ace750 flushing  nmethod 0x000002270b8e7210
Event: 229.939 Thread 0x0000022722ace750 flushing  nmethod 0x000002270b8e7610
Event: 229.939 Thread 0x0000022722ace750 flushing  nmethod 0x000002270b8ec110
Event: 229.939 Thread 0x0000022722ace750 flushing  nmethod 0x000002270b8ed090
Event: 229.939 Thread 0x0000022722ace750 flushing  nmethod 0x000002270b8ed710
Event: 229.939 Thread 0x0000022722ace750 flushing  nmethod 0x000002270b909510

Events (20 events):
Event: 113.053 Thread 0x000002276b762100 Thread exited: 0x000002276b762100
Event: 113.053 Thread 0x000002276b769720 Thread exited: 0x000002276b769720
Event: 113.053 Thread 0x000002276b762e20 Thread exited: 0x000002276b762e20
Event: 113.053 Thread 0x000002276b762790 Thread exited: 0x000002276b762790
Event: 113.053 Thread 0x000002276b7641d0 Thread exited: 0x000002276b7641d0
Event: 120.120 Thread 0x0000022769b0bbe0 Thread added: 0x000002276b7662a0
Event: 133.576 Thread 0x000002276b3b4ab0 Thread added: 0x000002276b762790
Event: 138.080 Thread 0x0000022769b0aec0 Thread added: 0x000002276b765580
Event: 138.082 Thread 0x0000022769b0aec0 Thread exited: 0x0000022769b0aec0
Event: 144.036 Thread 0x000002276b767ce0 Thread added: 0x000002276b762100
Event: 174.113 Thread 0x000002276b3b4ab0 Thread added: 0x000002276b769720
Event: 174.896 Thread 0x000002276b3b4ab0 Thread added: 0x000002276b762e20
Event: 235.508 Thread 0x000002276b762e20 Thread exited: 0x000002276b762e20
Event: 237.155 Thread 0x000002276b765580 Thread added: 0x000002276b762e20
Event: 237.164 Thread 0x000002276b765580 Thread exited: 0x000002276b765580
Event: 237.894 Thread 0x000002276b769720 Thread exited: 0x000002276b769720
Event: 295.168 Thread 0x0000022722b522c0 Thread added: 0x0000022769d55cc0
Event: 297.181 Thread 0x0000022769d55cc0 Thread exited: 0x0000022769d55cc0
Event: 308.847 Thread 0x0000022722b522c0 Thread added: 0x0000022769d54f20
Event: 309.693 Thread 0x0000022769d54f20 Thread exited: 0x0000022769d54f20


Dynamic libraries:
0x00007ff7c2c80000 - 0x00007ff7c2c8e000 	c:\Users\marqu\.vscode\extensions\redhat.java-1.56.0-win32-x64\jre\21.0.12.1-win32-x86_64\bin\java.exe
0x00007ffcd8290000 - 0x00007ffcd8488000 	C:\WINDOWS\SYSTEM32\ntdll.dll
0x00007ffcd75b0000 - 0x00007ffcd7672000 	C:\WINDOWS\System32\KERNEL32.DLL
0x00007ffcd5ca0000 - 0x00007ffcd5f96000 	C:\WINDOWS\System32\KERNELBASE.dll
0x00007ffcd6100000 - 0x00007ffcd6200000 	C:\WINDOWS\System32\ucrtbase.dll
0x00007ffcbf980000 - 0x00007ffcbf998000 	c:\Users\marqu\.vscode\extensions\redhat.java-1.56.0-win32-x64\jre\21.0.12.1-win32-x86_64\bin\jli.dll
0x00007ffcd7ef0000 - 0x00007ffcd8091000 	C:\WINDOWS\System32\USER32.dll
0x00007ffcd6280000 - 0x00007ffcd62a2000 	C:\WINDOWS\System32\win32u.dll
0x00007ffcd7830000 - 0x00007ffcd785b000 	C:\WINDOWS\System32\GDI32.dll
0x00007ffcd59b0000 - 0x00007ffcd5ac9000 	C:\WINDOWS\System32\gdi32full.dll
0x00007ffcd5b00000 - 0x00007ffcd5b9d000 	C:\WINDOWS\System32\msvcp_win.dll
0x00007ffcbd430000 - 0x00007ffcbd44e000 	c:\Users\marqu\.vscode\extensions\redhat.java-1.56.0-win32-x64\jre\21.0.12.1-win32-x86_64\bin\VCRUNTIME140.dll
0x00007ffcbc1d0000 - 0x00007ffcbc46b000 	C:\WINDOWS\WinSxS\amd64_microsoft.windows.common-controls_6595b64144ccf1df_6.0.19041.6456_none_60b8a6cb71f64256\COMCTL32.dll
0x00007ffcd8140000 - 0x00007ffcd81de000 	C:\WINDOWS\System32\msvcrt.dll
0x00007ffcd7990000 - 0x00007ffcd79bf000 	C:\WINDOWS\System32\IMM32.DLL
0x00007ffcd0940000 - 0x00007ffcd094c000 	c:\Users\marqu\.vscode\extensions\redhat.java-1.56.0-win32-x64\jre\21.0.12.1-win32-x86_64\bin\vcruntime140_1.dll
0x00007ffca9e10000 - 0x00007ffca9e9d000 	c:\Users\marqu\.vscode\extensions\redhat.java-1.56.0-win32-x64\jre\21.0.12.1-win32-x86_64\bin\msvcp140.dll
0x00007ffc634f0000 - 0x00007ffc64292000 	c:\Users\marqu\.vscode\extensions\redhat.java-1.56.0-win32-x64\jre\21.0.12.1-win32-x86_64\bin\server\jvm.dll
0x00007ffcd6510000 - 0x00007ffcd65c1000 	C:\WINDOWS\System32\ADVAPI32.dll
0x00007ffcd80a0000 - 0x00007ffcd813f000 	C:\WINDOWS\System32\sechost.dll
0x00007ffcd6760000 - 0x00007ffcd6880000 	C:\WINDOWS\System32\RPCRT4.dll
0x00007ffcd5ad0000 - 0x00007ffcd5af7000 	C:\WINDOWS\System32\bcrypt.dll
0x00007ffcd6410000 - 0x00007ffcd647b000 	C:\WINDOWS\System32\WS2_32.dll
0x00007ffcd5780000 - 0x00007ffcd57cb000 	C:\WINDOWS\SYSTEM32\POWRPROF.dll
0x00007ffcc9a30000 - 0x00007ffcc9a57000 	C:\WINDOWS\SYSTEM32\WINMM.dll
0x00007ffccf280000 - 0x00007ffccf28a000 	C:\WINDOWS\SYSTEM32\VERSION.dll
0x00007ffcd5760000 - 0x00007ffcd5772000 	C:\WINDOWS\SYSTEM32\UMPDC.dll
0x00007ffcd36d0000 - 0x00007ffcd36e2000 	C:\WINDOWS\SYSTEM32\kernel.appcore.dll
0x00007ffcd0010000 - 0x00007ffcd001a000 	c:\Users\marqu\.vscode\extensions\redhat.java-1.56.0-win32-x64\jre\21.0.12.1-win32-x86_64\bin\jimage.dll
0x00007ffccd620000 - 0x00007ffccd821000 	C:\WINDOWS\SYSTEM32\DBGHELP.DLL
0x00007ffccbe90000 - 0x00007ffccbec4000 	C:\WINDOWS\SYSTEM32\dbgcore.DLL
0x00007ffcd5920000 - 0x00007ffcd59a2000 	C:\WINDOWS\System32\bcryptPrimitives.dll
0x00007ffccf6c0000 - 0x00007ffccf6cf000 	c:\Users\marqu\.vscode\extensions\redhat.java-1.56.0-win32-x64\jre\21.0.12.1-win32-x86_64\bin\instrument.dll
0x00007ffcba600000 - 0x00007ffcba620000 	c:\Users\marqu\.vscode\extensions\redhat.java-1.56.0-win32-x64\jre\21.0.12.1-win32-x86_64\bin\java.dll
0x00007ffcd6930000 - 0x00007ffcd70a0000 	C:\WINDOWS\System32\SHELL32.dll
0x00007ffcd39b0000 - 0x00007ffcd4155000 	C:\WINDOWS\SYSTEM32\windows.storage.dll
0x00007ffcd7180000 - 0x00007ffcd74d4000 	C:\WINDOWS\System32\combase.dll
0x00007ffcd5270000 - 0x00007ffcd529b000 	C:\WINDOWS\SYSTEM32\Wldp.dll
0x00007ffcd74e0000 - 0x00007ffcd75ad000 	C:\WINDOWS\System32\OLEAUT32.dll
0x00007ffcd6630000 - 0x00007ffcd66dd000 	C:\WINDOWS\System32\SHCORE.dll
0x00007ffcd65d0000 - 0x00007ffcd662b000 	C:\WINDOWS\System32\shlwapi.dll
0x00007ffcd5850000 - 0x00007ffcd5874000 	C:\WINDOWS\SYSTEM32\profapi.dll
0x00007ffcba0b0000 - 0x00007ffcba0c8000 	c:\Users\marqu\.vscode\extensions\redhat.java-1.56.0-win32-x64\jre\21.0.12.1-win32-x86_64\bin\zip.dll
0x00007ffcbec10000 - 0x00007ffcbec20000 	C:\Users\marqu\.vscode\extensions\redhat.java-1.56.0-win32-x64\jre\21.0.12.1-win32-x86_64\bin\net.dll
0x00007ffcce9f0000 - 0x00007ffcceafa000 	C:\WINDOWS\SYSTEM32\WINHTTP.dll
0x00007ffcd4fd0000 - 0x00007ffcd503a000 	C:\WINDOWS\system32\mswsock.dll
0x00007ffcba350000 - 0x00007ffcba366000 	C:\Users\marqu\.vscode\extensions\redhat.java-1.56.0-win32-x64\jre\21.0.12.1-win32-x86_64\bin\nio.dll
0x00007ffcbeba0000 - 0x00007ffcbebb0000 	c:\Users\marqu\.vscode\extensions\redhat.java-1.56.0-win32-x64\jre\21.0.12.1-win32-x86_64\bin\verify.dll
0x00007ffcb7070000 - 0x00007ffcb70b5000 	C:\Users\marqu\AppData\Roaming\Code\User\globalStorage\redhat.java\1.56.0\config_win\org.eclipse.equinox.launcher\org.eclipse.equinox.launcher.win32.win32.x86_64_1.3.100.v20260804-1928\eclipse_11924.dll
0x00007ffcd62d0000 - 0x00007ffcd63fb000 	C:\WINDOWS\System32\ole32.dll
0x00007ffcd51d0000 - 0x00007ffcd51e8000 	C:\WINDOWS\SYSTEM32\CRYPTSP.dll
0x00007ffcd48f0000 - 0x00007ffcd4928000 	C:\WINDOWS\system32\rsaenh.dll
0x00007ffcd5810000 - 0x00007ffcd583e000 	C:\WINDOWS\SYSTEM32\USERENV.dll
0x00007ffcd51c0000 - 0x00007ffcd51cc000 	C:\WINDOWS\SYSTEM32\CRYPTBASE.dll
0x00007ffcd4cb0000 - 0x00007ffcd4ceb000 	C:\WINDOWS\SYSTEM32\IPHLPAPI.DLL
0x00007ffcd8240000 - 0x00007ffcd8248000 	C:\WINDOWS\System32\NSI.dll
0x00007ffcb0d50000 - 0x00007ffcb0d99000 	C:\Users\marqu\AppData\Local\Temp\jna-103666690\jna3292678831181546013.dll
0x00007ffcd6400000 - 0x00007ffcd6408000 	C:\WINDOWS\System32\PSAPI.DLL
0x00007ffccf630000 - 0x00007ffccf647000 	C:\WINDOWS\SYSTEM32\dhcpcsvc6.DLL
0x00007ffccfd00000 - 0x00007ffccfd1d000 	C:\WINDOWS\SYSTEM32\dhcpcsvc.DLL
0x00007ffcd00b0000 - 0x00007ffcd00be000 	C:\Users\marqu\.vscode\extensions\redhat.java-1.56.0-win32-x64\jre\21.0.12.1-win32-x86_64\bin\sunmscapi.dll
0x00007ffcd5fa0000 - 0x00007ffcd60fd000 	C:\WINDOWS\System32\CRYPT32.dll
0x00007ffcd52e0000 - 0x00007ffcd5307000 	C:\WINDOWS\SYSTEM32\ncrypt.dll
0x00007ffcd52a0000 - 0x00007ffcd52db000 	C:\WINDOWS\SYSTEM32\NTASN1.dll
0x00007ffcd4cf0000 - 0x00007ffcd4dba000 	C:\WINDOWS\SYSTEM32\DNSAPI.dll
0x00007ffcbe920000 - 0x00007ffcbe92a000 	C:\Windows\System32\rasadhlp.dll
0x00007ffcbf000000 - 0x00007ffcbf080000 	C:\WINDOWS\System32\fwpuclnt.dll
0x00007ffcbe590000 - 0x00007ffcbe599000 	C:\Users\marqu\.vscode\extensions\redhat.java-1.56.0-win32-x64\jre\21.0.12.1-win32-x86_64\bin\extnet.dll

JVMTI agents:
c:\Users\marqu\.vscode\extensions\redhat.java-1.56.0-win32-x64\lombok\lombok-1.18.39-4050.jar path:c:\Users\marqu\.vscode\extensions\redhat.java-1.56.0-win32-x64\jre\21.0.12.1-win32-x86_64\bin\instrument.dll, loaded, initialized, instrumentlib options:none

dbghelp: loaded successfully - version: 4.0.5 - missing functions: none
symbol engine: initialized successfully - sym options: 0x614 - pdb path: .;c:\Users\marqu\.vscode\extensions\redhat.java-1.56.0-win32-x64\jre\21.0.12.1-win32-x86_64\bin;C:\WINDOWS\SYSTEM32;C:\WINDOWS\WinSxS\amd64_microsoft.windows.common-controls_6595b64144ccf1df_6.0.19041.6456_none_60b8a6cb71f64256;c:\Users\marqu\.vscode\extensions\redhat.java-1.56.0-win32-x64\jre\21.0.12.1-win32-x86_64\bin\server;C:\Users\marqu\AppData\Roaming\Code\User\globalStorage\redhat.java\1.56.0\config_win\org.eclipse.equinox.launcher\org.eclipse.equinox.launcher.win32.win32.x86_64_1.3.100.v20260804-1928;C:\Users\marqu\AppData\Local\Temp\jna-103666690

VM Arguments:
jvm_args: --add-modules=ALL-SYSTEM --add-opens=java.base/java.util=ALL-UNNAMED --add-opens=java.base/java.lang=ALL-UNNAMED --add-opens=java.base/sun.nio.fs=ALL-UNNAMED -Declipse.application=org.eclipse.jdt.ls.core.id1 -Dosgi.bundles.defaultStartLevel=4 -Declipse.product=org.eclipse.jdt.ls.core.product -Djava.import.generatesMetadataFilesAtProjectRoot=false -Dm2e.project.cache.size=50 -DDetectVMInstallationsJob.disabled=true -Dfile.encoding=utf8 -XX:+UseParallelGC -XX:GCTimeRatio=4 -XX:AdaptiveSizePolicyWeight=90 -Dsun.zip.disableMemoryMapping=true -Xmx4G -Xms100m -Xlog:disable -javaagent:c:\Users\marqu\.vscode\extensions\redhat.java-1.56.0-win32-x64\lombok\lombok-1.18.39-4050.jar -XX:+HeapDumpOnOutOfMemoryError -XX:HeapDumpPath=c:\Users\marqu\AppData\Roaming\Code\User\workspaceStorage\06973a428a0ceac6bafabd4c6474988a\redhat.java -Daether.dependencyCollector.impl=bf 
java_command: c:\Users\marqu\.vscode\extensions\redhat.java-1.56.0-win32-x64\server\plugins\org.eclipse.equinox.launcher_1.8.0.v20260804-1928.jar -configuration c:\Users\marqu\AppData\Roaming\Code\User\globalStorage\redhat.java\1.56.0\config_win -data c:\Users\marqu\AppData\Roaming\Code\User\workspaceStorage\06973a428a0ceac6bafabd4c6474988a\redhat.java\jdt_ws --pipe=\\.\pipe\lsp-dc891b82b0a3dc3ef8fa2db23c2f51d0-sock
java_class_path (initial): c:\Users\marqu\.vscode\extensions\redhat.java-1.56.0-win32-x64\server\plugins\org.eclipse.equinox.launcher_1.8.0.v20260804-1928.jar
Launcher Type: SUN_STANDARD

[Global flags]
    uintx AdaptiveSizePolicyWeight                 = 90                                        {product} {command line}
     intx CICompilerCount                          = 3                                         {product} {ergonomic}
    uintx GCTimeRatio                              = 4                                         {product} {command line}
     bool HeapDumpOnOutOfMemoryError               = true                                   {manageable} {command line}
    ccstr HeapDumpPath                             = c:\Users\marqu\AppData\Roaming\Code\User\workspaceStorage\06973a428a0ceac6bafabd4c6474988a\redhat.java         {manageable} {command line}
   size_t InitialHeapSize                          = 104857600                                 {product} {command line}
   size_t MaxHeapSize                              = 4294967296                                {product} {command line}
   size_t MaxNewSize                               = 1431306240                                {product} {ergonomic}
   size_t MinHeapDeltaBytes                        = 524288                                    {product} {ergonomic}
   size_t MinHeapSize                              = 104857600                                 {product} {command line}
   size_t NewSize                                  = 34603008                                  {product} {ergonomic}
    uintx NonNMethodCodeHeapSize                   = 5832780                                {pd product} {ergonomic}
    uintx NonProfiledCodeHeapSize                  = 122912730                              {pd product} {ergonomic}
   size_t OldSize                                  = 70254592                                  {product} {ergonomic}
    uintx ProfiledCodeHeapSize                     = 122912730                              {pd product} {ergonomic}
    uintx ReservedCodeCacheSize                    = 251658240                              {pd product} {ergonomic}
     bool SegmentedCodeCache                       = true                                      {product} {ergonomic}
   size_t SoftMaxHeapSize                          = 4294967296                             {manageable} {ergonomic}
     bool UseCompressedOops                        = true                           {product lp64_product} {ergonomic}
     bool UseLargePagesIndividualAllocation        = false                                  {pd product} {ergonomic}
     bool UseParallelGC                            = true                                      {product} {command line}

Logging:
Log output configuration:
 #0: stdout all=off uptime,level,tags foldmultilines=false
 #1: stderr all=off uptime,level,tags foldmultilines=false

Release file:
JAVA_VERSION="21.0.12.1" 
MODULES="java.base java.compiler java.datatransfer java.xml java.prefs java.desktop java.instrument java.logging java.management java.security.sasl java.naming java.rmi java.management.rmi java.net.http java.scripting java.security.jgss java.transaction.xa java.sql java.sql.rowset java.xml.crypto java.se java.smartcardio jdk.accessibility jdk.internal.jvmstat jdk.attach jdk.charsets jdk.internal.opt jdk.zipfs jdk.compiler jdk.crypto.ec jdk.crypto.cryptoki jdk.crypto.mscapi jdk.dynalink jdk.internal.ed jdk.editpad jdk.hotspot.agent jdk.httpserver jdk.internal.le jdk.internal.vm.ci jdk.internal.vm.compiler jdk.internal.vm.compiler.management jdk.jartool jdk.javadoc jdk.jcmd jdk.management jdk.management.agent jdk.jconsole jdk.jdeps jdk.jdwp.agent jdk.jdi jdk.jfr jdk.jshell jdk.jsobject jdk.jstatd jdk.localedata jdk.management.jfr jdk.naming.dns jdk.naming.rmi jdk.net jdk.nio.mapmode jdk.random jdk.sctp jdk.security.auth jdk.security.jgss jdk.unsupported jdk.unsupported.desktop jdk.xml.dom" 

Environment Variables:
PATH=C:\Users\marqu\bin;C:\Program Files\Git\mingw64\bin;C:\Program Files\Git\usr\local\bin;C:\Program Files\Git\usr\bin;C:\Program Files\Git\usr\bin;C:\Program Files\Git\mingw64\bin;C:\Program Files\Git\usr\bin;C:\Users\marqu\bin;C:\Program Files\Common Files\Oracle\Java\javapath;C:\WINDOWS\system32;C:\WINDOWS;C:\WINDOWS\System32\Wbem;C:\WINDOWS\System32\WindowsPowerShell\v1.0;C:\WINDOWS\System32\OpenSSH;C:\Program Files\Git\cmd;C:\Program Files\nodejs;C:\Program Files (x86)\AMD\ATI.ACE\Core-Static;C:\Program Files\GitHub CLI;C:\Users\marqu\AppData\Local\Microsoft\WindowsApps;C:\Users\marqu\AppData\Local\Programs\Microsoft VS Code\bin;C:\msys64\ucrt64\bin;C:\Users\marqu\AppData\Roaming\npm;C:\Program Files\Git\usr\bin\vendor_perl;C:\Program Files\Git\usr\bin\core_perl
USERNAME=marqu
SHELL=C:\Program Files\Git\usr\bin\bash.exe
DISPLAY=needs-to-be-defined
LC_CTYPE=pt_BR.UTF-8
TERM=xterm
TMPDIR=C:\Users\marqu\AppData\Local\Temp
OS=Windows_NT
PROCESSOR_IDENTIFIER=AMD64 Family 21 Model 48 Stepping 1, AuthenticAMD
TMP=C:\Users\marqu\AppData\Local\Temp
TEMP=C:\Users\marqu\AppData\Local\Temp




Periodic native trim disabled

---------------  S Y S T E M  ---------------

OS:
 Windows 10 , 64 bit Build 19041 (10.0.19041.5915)
OS uptime: 4 days 1:56 hours

CPU: total 4 (initial active 4) (4 cores per cpu, 1 threads per core) family 21 model 48 stepping 1 microcode 0x0, cx8, cmov, fxsr, mmx, 3dnowpref, sse, sse2, sse3, ssse3, sse4a, sse4.1, sse4.2, popcnt, lzcnt, tsc, tscinvbit, avx, aes, clmul, bmi1, fma, vzeroupper, clflush, rdtscp, f16c
Processor Information for the first 4 processors :
  Max Mhz: 3800, Current Mhz: 3800, Mhz Limit: 3800

Memory: 4k page, system-wide physical 4053M (679M free)
TotalPageFile size 16341M (AvailPageFile size 1M)
current process WorkingSet (physical memory assigned to process): 279M, peak: 1575M
current process commit charge ("private bytes"): 3161M, peak: 3187M

vm_info: OpenJDK 64-Bit Server VM (21.0.12.1+1-LTS) for windows-amd64 JRE (21.0.12.1+1-LTS), built on 2026-08-18T00:00:00Z by "admin" with MS VC++ 17.12 (VS2022)

END.
