#
# There is insufficient memory for the Java Runtime Environment to continue.
# Native memory allocation (malloc) failed to allocate 1372816 bytes. Error detail: Chunk::new
# Possible reasons:
#   The system is out of physical RAM or swap space
#   This process is running with CompressedOops enabled, and the Java Heap may be blocking the growth of the native heap
# Possible solutions:
#   Reduce memory load on the system
#   Increase physical memory or swap space
#   Check if swap backing store is full
#   Decrease Java heap size (-Xmx/-Xms)
#   Decrease number of Java threads
#   Decrease Java thread stack sizes (-Xss)
#   Set larger code cache with -XX:ReservedCodeCacheSize=
#   JVM is running with Zero Based Compressed Oops mode in which the Java heap is
#     placed in the first 32GB address space. The Java Heap base address is the
#     maximum limit for the native heap growth. Please use -XX:HeapBaseMinAddress
#     to set the Java Heap base and to place the Java Heap above 32GB virtual address.
# This output file may be truncated or incomplete.
#
#  Out of Memory Error (arena.cpp:168), pid=15736, tid=4860
#
# JRE version: OpenJDK Runtime Environment Temurin-21.0.12.1+1 (21.0.12.1+1) (build 21.0.12.1+1-LTS)
# Java VM: OpenJDK 64-Bit Server VM Temurin-21.0.12.1+1 (21.0.12.1+1-LTS, mixed mode, sharing, tiered, compressed oops, compressed class ptrs, parallel gc, windows-amd64)
# No core dump will be written. Minidumps are not enabled by default on client versions of Windows
#

---------------  S U M M A R Y ------------

Command Line: --add-modules=ALL-SYSTEM --add-opens=java.base/java.util=ALL-UNNAMED --add-opens=java.base/java.lang=ALL-UNNAMED --add-opens=java.base/sun.nio.fs=ALL-UNNAMED -Declipse.application=org.eclipse.jdt.ls.core.id1 -Dosgi.bundles.defaultStartLevel=4 -Declipse.product=org.eclipse.jdt.ls.core.product -Djava.import.generatesMetadataFilesAtProjectRoot=false -Dm2e.project.cache.size=50 -DDetectVMInstallationsJob.disabled=true -Dfile.encoding=utf8 -XX:+UseParallelGC -XX:GCTimeRatio=4 -XX:AdaptiveSizePolicyWeight=90 -Dsun.zip.disableMemoryMapping=true -Xmx4G -Xms100m -Xlog:disable -javaagent:c:\Users\marqu\.vscode\extensions\redhat.java-1.56.0-win32-x64\lombok\lombok-1.18.39-4050.jar -XX:+HeapDumpOnOutOfMemoryError -XX:HeapDumpPath=c:\Users\marqu\AppData\Roaming\Code\User\workspaceStorage\06973a428a0ceac6bafabd4c6474988a\redhat.java -Daether.dependencyCollector.impl=bf c:\Users\marqu\.vscode\extensions\redhat.java-1.56.0-win32-x64\server\plugins\org.eclipse.equinox.launcher_1.8.0.v20260804-1928.jar -configuration c:\Users\marqu\AppData\Roaming\Code\User\globalStorage\redhat.java\1.56.0\config_win -data c:\Users\marqu\AppData\Roaming\Code\User\workspaceStorage\06973a428a0ceac6bafabd4c6474988a\redhat.java\jdt_ws --stdio

Host: AMD A8-7650K Radeon R7, 10 Compute Cores 4C+6G , 4 cores, 3G,  Windows 10 , 64 bit Build 19041 (10.0.19041.5915)
Time: Mon Sep 14 19:39:26 2026 Hora oficial do Brasil elapsed time: 23.242183 seconds (0d 0h 0m 23s)

---------------  T H R E A D  ---------------

Current thread (0x0000024e0a272c60):  JavaThread "C2 CompilerThread1" daemon [_thread_in_native, id=4860, stack(0x0000007c8f900000,0x0000007c8fa00000) (1024K)]


Current CompileTask:
C2:23242 7713       4       org.eclipse.jdt.internal.core.search.indexing.BinaryIndexer::extractReferenceFromConstantPool (358 bytes)

Stack: [0x0000007c8f900000,0x0000007c8fa00000]
Native frames: (J=compiled Java code, j=interpreted, Vv=VM code, C=native code)
V  [jvm.dll+0x6d83e9]
V  [jvm.dll+0x8b5736]
V  [jvm.dll+0x8b7cee]
V  [jvm.dll+0x8b83d3]
V  [jvm.dll+0x284596]
V  [jvm.dll+0xc685d]
V  [jvm.dll+0xc6da1]
V  [jvm.dll+0x3bf18b]
V  [jvm.dll+0x1e3f42]
V  [jvm.dll+0x24c853]
V  [jvm.dll+0x24bce0]
V  [jvm.dll+0x1cb4ae]
V  [jvm.dll+0x25baad]
V  [jvm.dll+0x25a03a]
V  [jvm.dll+0x3f8aae]
V  [jvm.dll+0x8600cd]
V  [jvm.dll+0x6d6c1d]
C  [ucrtbase.dll+0x21bb2]
C  [KERNEL32.DLL+0x17374]
C  [ntdll.dll+0x4cc91]


---------------  P R O C E S S  ---------------

Threads class SMR info:
_java_thread_list=0x0000024e09488680, length=32, elements={
0x0000024da354c380, 0x0000024dc0b82950, 0x0000024dc0b847c0, 0x0000024dc0b88180,
0x0000024dc0b88de0, 0x0000024dc0b89a40, 0x0000024dc0b8c5b0, 0x0000024dc0b8d340,
0x0000024dc0bf9a50, 0x0000024e02ac2fb0, 0x0000024e02bf3510, 0x0000024e07611990,
0x0000024e0769e750, 0x0000024e075e4080, 0x0000024e075e46f0, 0x0000024e07dd5530,
0x0000024e07c72380, 0x0000024e07a21010, 0x0000024e08197370, 0x0000024e08197a00,
0x0000024e08198090, 0x0000024e08198720, 0x0000024e0905f8a0, 0x0000024e090640d0,
0x0000024e09064df0, 0x0000024e090605c0, 0x0000024e09063a40, 0x0000024e090612e0,
0x0000024e09065480, 0x0000024e09060c50, 0x0000024e09062690, 0x0000024e0a272c60
}

Java Threads: ( => current thread )
  0x0000024da354c380 JavaThread "main"                              [_thread_blocked, id=11384, stack(0x0000007c8d200000,0x0000007c8d300000) (1024K)]
  0x0000024dc0b82950 JavaThread "Reference Handler"          daemon [_thread_blocked, id=848, stack(0x0000007c8d600000,0x0000007c8d700000) (1024K)]
  0x0000024dc0b847c0 JavaThread "Finalizer"                  daemon [_thread_blocked, id=16508, stack(0x0000007c8d700000,0x0000007c8d800000) (1024K)]
  0x0000024dc0b88180 JavaThread "Signal Dispatcher"          daemon [_thread_blocked, id=14404, stack(0x0000007c8d800000,0x0000007c8d900000) (1024K)]
  0x0000024dc0b88de0 JavaThread "Attach Listener"            daemon [_thread_blocked, id=6808, stack(0x0000007c8d900000,0x0000007c8da00000) (1024K)]
  0x0000024dc0b89a40 JavaThread "Service Thread"             daemon [_thread_blocked, id=7576, stack(0x0000007c8da00000,0x0000007c8db00000) (1024K)]
  0x0000024dc0b8c5b0 JavaThread "Monitor Deflation Thread"   daemon [_thread_blocked, id=17008, stack(0x0000007c8db00000,0x0000007c8dc00000) (1024K)]
  0x0000024dc0b8d340 JavaThread "C2 CompilerThread0"         daemon [_thread_in_native, id=10128, stack(0x0000007c8dc00000,0x0000007c8dd00000) (1024K)]
  0x0000024dc0bf9a50 JavaThread "C1 CompilerThread0"         daemon [_thread_blocked, id=12192, stack(0x0000007c8dd00000,0x0000007c8de00000) (1024K)]
  0x0000024e02ac2fb0 JavaThread "Common-Cleaner"             daemon [_thread_blocked, id=1220, stack(0x0000007c8de00000,0x0000007c8df00000) (1024K)]
  0x0000024e02bf3510 JavaThread "Notification Thread"        daemon [_thread_blocked, id=6752, stack(0x0000007c8e000000,0x0000007c8e100000) (1024K)]
  0x0000024e07611990 JavaThread "Active Thread: Equinox Container: 7bfab5aa-054f-418e-b852-77533b254b88"        [_thread_blocked, id=10180, stack(0x0000007c8e400000,0x0000007c8e500000) (1024K)]
  0x0000024e0769e750 JavaThread "Refresh Thread: Equinox Container: 7bfab5aa-054f-418e-b852-77533b254b88" daemon [_thread_blocked, id=11680, stack(0x0000007c8e500000,0x0000007c8e600000) (1024K)]
  0x0000024e075e4080 JavaThread "Framework Event Dispatcher: Equinox Container: 7bfab5aa-054f-418e-b852-77533b254b88" daemon [_thread_blocked, id=8456, stack(0x0000007c8e600000,0x0000007c8e700000) (1024K)]
  0x0000024e075e46f0 JavaThread "Start Level: Equinox Container: 7bfab5aa-054f-418e-b852-77533b254b88" daemon [_thread_blocked, id=6384, stack(0x0000007c8e700000,0x0000007c8e800000) (1024K)]
  0x0000024e07dd5530 JavaThread "Bundle File Closer"         daemon [_thread_blocked, id=13696, stack(0x0000007c8e800000,0x0000007c8e900000) (1024K)]
  0x0000024e07c72380 JavaThread "SCR Component Actor"        daemon [_thread_blocked, id=11008, stack(0x0000007c8e900000,0x0000007c8ea00000) (1024K)]
  0x0000024e07a21010 JavaThread "Worker-JM"                         [_thread_blocked, id=3652, stack(0x0000007c8ea00000,0x0000007c8eb00000) (1024K)]
  0x0000024e08197370 JavaThread "JNA Cleaner"                daemon [_thread_blocked, id=3624, stack(0x0000007c8e300000,0x0000007c8e400000) (1024K)]
  0x0000024e08197a00 JavaThread "Worker-0: Java indexing... "        [_thread_blocked, id=11440, stack(0x0000007c8eb00000,0x0000007c8ec00000) (1024K)]
  0x0000024e08198090 JavaThread "Worker-1: Initialize workspace"        [_thread_blocked, id=13248, stack(0x0000007c8ec00000,0x0000007c8ed00000) (1024K)]
  0x0000024e08198720 JavaThread "Worker-2"                          [_thread_blocked, id=6708, stack(0x0000007c8ed00000,0x0000007c8ee00000) (1024K)]
  0x0000024e0905f8a0 JavaThread "Java indexing"              daemon [_thread_in_vm, id=3636, stack(0x0000007c8ef00000,0x0000007c8f000000) (1024K)]
  0x0000024e090640d0 JavaThread "Worker-3"                          [_thread_blocked, id=9496, stack(0x0000007c8f000000,0x0000007c8f100000) (1024K)]
  0x0000024e09064df0 JavaThread "Worker-4"                          [_thread_blocked, id=5140, stack(0x0000007c8f300000,0x0000007c8f400000) (1024K)]
  0x0000024e090605c0 JavaThread "pool-2-thread-1"                   [_thread_blocked, id=10000, stack(0x0000007c8f400000,0x0000007c8f500000) (1024K)]
  0x0000024e09063a40 JavaThread "WorkspaceEventsHandler"            [_thread_blocked, id=10824, stack(0x0000007c8f500000,0x0000007c8f600000) (1024K)]
  0x0000024e090612e0 JavaThread "pool-1-thread-1"                   [_thread_in_vm, id=4596, stack(0x0000007c8f600000,0x0000007c8f700000) (1024K)]
  0x0000024e09065480 JavaThread "ForkJoinPool.commonPool-worker-1" daemon [_thread_blocked, id=9696, stack(0x0000007c8ee00000,0x0000007c8ef00000) (1024K)]
  0x0000024e09060c50 JavaThread "ForkJoinPool.commonPool-worker-2" daemon [_thread_blocked, id=2076, stack(0x0000007c8f700000,0x0000007c8f800000) (1024K)]
  0x0000024e09062690 JavaThread "ForkJoinPool.commonPool-worker-3" daemon [_thread_blocked, id=16744, stack(0x0000007c8f800000,0x0000007c8f900000) (1024K)]
=>0x0000024e0a272c60 JavaThread "C2 CompilerThread1"         daemon [_thread_in_native, id=4860, stack(0x0000007c8f900000,0x0000007c8fa00000) (1024K)]
Total: 32

Other Threads:
  0x0000024da58f6f90 VMThread "VM Thread"                           [id=16160, stack(0x0000007c8d500000,0x0000007c8d600000) (1024K)]
  0x0000024da58a21a0 WatcherThread "VM Periodic Task Thread"        [id=14960, stack(0x0000007c8d400000,0x0000007c8d500000) (1024K)]
  0x0000024da5854810 WorkerThread "GC Thread#0"                     [id=10284, stack(0x0000007c8d300000,0x0000007c8d400000) (1024K)]
  0x0000024e07322ad0 WorkerThread "GC Thread#1"                     [id=16696, stack(0x0000007c8df00000,0x0000007c8e000000) (1024K)]
  0x0000024e07019600 WorkerThread "GC Thread#2"                     [id=7656, stack(0x0000007c8e100000,0x0000007c8e200000) (1024K)]
  0x0000024e02b42140 WorkerThread "GC Thread#3"                     [id=11808, stack(0x0000007c8e200000,0x0000007c8e300000) (1024K)]
Total: 6

Threads with active compile tasks:
C2 CompilerThread0  23393 7774       4       org.eclipse.jdt.internal.core.search.indexing.AbstractIndexer::addMethodDeclaration (105 bytes)
C2 CompilerThread1  23393 7713       4       org.eclipse.jdt.internal.core.search.indexing.BinaryIndexer::extractReferenceFromConstantPool (358 bytes)
Total: 2

VM state: not at safepoint (normal execution)

VM Mutex/Monitor currently owned by a thread: None

Heap address: 0x0000000700000000, size: 4096 MB, Compressed Oops mode: Zero based, Oop shift amount: 3

CDS archive(s) mapped at: [0x0000024dc1000000-0x0000024dc1ba0000-0x0000024dc1ba0000), size 12189696, SharedBaseAddress: 0x0000024dc1000000, ArchiveRelocationMode: 1.
Compressed class space mapped at: 0x0000024dc2000000-0x0000024e02000000, reserved size: 1073741824
Narrow klass base: 0x0000024dc1000000, Narrow klass shift: 0, Narrow klass range: 0x100000000

GC Precious Log:
 CardTable entry size: 512
 CPUs: 4 total, 4 available
 Memory: 4053M
 Large Page Support: Disabled
 NUMA Support: Disabled
 Compressed Oops: Enabled (Zero based)
 Alignments: Space 512K, Generation 512K, Heap 2M
 Heap Min Capacity: 100M
 Heap Initial Capacity: 100M
 Heap Max Capacity: 4G
 Pre-touch: Disabled
 Parallel Workers: 4

Heap:
 PSYoungGen      total 20992K, used 6849K [0x00000007aab00000, 0x00000007ac280000, 0x0000000800000000)
  eden space 18944K, 26% used [0x00000007aab00000,0x00000007aafebbb8,0x00000007abd80000)
  from space 2048K, 88% used [0x00000007ac080000,0x00000007ac244910,0x00000007ac280000)
  to   space 2048K, 0% used [0x00000007abe80000,0x00000007abe80000,0x00000007ac080000)
 ParOldGen       total 68608K, used 45133K [0x0000000700000000, 0x0000000704300000, 0x00000007aab00000)
  object space 68608K, 65% used [0x0000000700000000,0x0000000702c13538,0x0000000704300000)
 Metaspace       used 55254K, committed 56576K, reserved 1114112K
  class space    used 6016K, committed 6592K, reserved 1048576K

Card table byte_map: [0x0000024db7a40000,0x0000024db8250000] _byte_map_base: 0x0000024db4240000

Marking Bits: (ParMarkBitMap*) 0x00007ffc641b44a0
 Begin Bits: [0x0000024db8250000, 0x0000024dbc250000)
 End Bits:   [0x0000024dbc250000, 0x0000024dc0250000)

Polling page: 0x0000024da38c0000

Metaspace:

Usage:
  Non-class:     48.09 MB used.
      Class:      5.88 MB used.
       Both:     53.96 MB used.

Virtual space:
  Non-class space:       64.00 MB reserved,      48.88 MB ( 76%) committed,  1 nodes.
      Class space:        1.00 GB reserved,       6.44 MB ( <1%) committed,  1 nodes.
             Both:        1.06 GB reserved,      55.31 MB (  5%) committed. 

Chunk freelists:
   Non-Class:  14.48 MB
       Class:  9.48 MB
        Both:  23.96 MB

MaxMetaspaceSize: unlimited
CompressedClassSpaceSize: 1.00 GB
Initial GC threshold: 21.00 MB
Current GC threshold: 58.38 MB
CDS: on
 - commit_granule_bytes: 65536.
 - commit_granule_words: 8192.
 - virtual_space_node_default_size: 8388608.
 - enlarge_chunks_in_place: 1.
 - use_allocation_guard: 0.


Internal statistics:

num_allocs_failed_limit: 6.
num_arena_births: 1062.
num_arena_deaths: 14.
num_vsnodes_births: 2.
num_vsnodes_deaths: 0.
num_space_committed: 885.
num_space_uncommitted: 0.
num_chunks_returned_to_freelist: 20.
num_chunks_taken_from_freelist: 3728.
num_chunk_merges: 9.
num_chunk_splits: 2228.
num_chunks_enlarged: 1181.
num_inconsistent_stats: 0.

CodeHeap 'non-profiled nmethods': size=120000Kb used=4789Kb max_used=4789Kb free=115210Kb
 bounds [0x0000024db0510000, 0x0000024db09c0000, 0x0000024db7a40000]
CodeHeap 'profiled nmethods': size=120000Kb used=15954Kb max_used=15954Kb free=104046Kb
 bounds [0x0000024da8a40000, 0x0000024da99e0000, 0x0000024daff70000]
CodeHeap 'non-nmethods': size=5760Kb used=1403Kb max_used=1460Kb free=4356Kb
 bounds [0x0000024daff70000, 0x0000024db01e0000, 0x0000024db0510000]
CodeCache: size=245760Kb, used=22146Kb, max_used=22203Kb, free=223612Kb
 total_blobs=7917, nmethods=7206, adapters=618, full_count=0
Compilation: enabled, stopped_count=0, restarted_count=0

Compilation events (20 events):
Event: 23.146 Thread 0x0000024dc0bf9a50 7734       3       org.eclipse.jdt.internal.core.search.indexing.BinaryIndexer::addBinaryAnnotation (87 bytes)
Event: 23.147 Thread 0x0000024dc0bf9a50 nmethod 7734 0x0000024da9976510 code [0x0000024da9976800, 0x0000024da9977890]
Event: 23.155 Thread 0x0000024dc0b8d340 nmethod 7736 0x0000024db09b3090 code [0x0000024db09b3240, 0x0000024db09b3670]
Event: 23.155 Thread 0x0000024dc0b8d340 7737  s    4       org.eclipse.jdt.internal.compiler.classfmt.MethodInfo::readCodeAttribute (122 bytes)
Event: 23.166 Thread 0x0000024dc0b8d340 nmethod 7737 0x0000024db09b3890 code [0x0000024db09b3aa0, 0x0000024db09b4578]
Event: 23.178 Thread 0x0000024dc0b8d340 7738       4       java.util.Hashtable$Enumerator::hasNext (5 bytes)
Event: 23.182 Thread 0x0000024dc0b8d340 nmethod 7738 0x0000024db09b4a90 code [0x0000024db09b4c20, 0x0000024db09b4dd0]
Event: 23.182 Thread 0x0000024dc0b8d340 7739       4       java.util.Hashtable$Enumerator::next (27 bytes)
Event: 23.183 Thread 0x0000024dc0bf9a50 7740       3       org.eclipse.osgi.internal.loader.BundleLoader::getProviderLoader (77 bytes)
Event: 23.184 Thread 0x0000024dc0b8d340 nmethod 7739 0x0000024db09b4e90 code [0x0000024db09b5020, 0x0000024db09b5168]
Event: 23.184 Thread 0x0000024dc0bf9a50 nmethod 7740 0x0000024da9977f90 code [0x0000024da9978320, 0x0000024da99798e8]
Event: 23.190 Thread 0x0000024dc0bf9a50 7741       3       java.lang.String::valueOf (5 bytes)
Event: 23.190 Thread 0x0000024dc0bf9a50 nmethod 7741 0x0000024da997a210 code [0x0000024da997a3c0, 0x0000024da997a4d8]
Event: 23.206 Thread 0x0000024dc0b8d340 7742       4       java.lang.ClassLoader::checkCerts (121 bytes)
Event: 23.229 Thread 0x0000024dc0bf9a50 7743       3       java.util.concurrent.CopyOnWriteArrayList::size (6 bytes)
Event: 23.229 Thread 0x0000024dc0bf9a50 nmethod 7743 0x0000024da997a590 code [0x0000024da997a720, 0x0000024da997a850]
Event: 23.230 Thread 0x0000024dc0bf9a50 7744       3       org.eclipse.osgi.internal.loader.sources.MultiSourcePackage::loadClass (48 bytes)
Event: 23.231 Thread 0x0000024dc0bf9a50 nmethod 7744 0x0000024da997a910 code [0x0000024da997aae0, 0x0000024da997af28]
Event: 23.234 Thread 0x0000024dc0bf9a50 7745       3       java.lang.invoke.LambdaProxyClassArchive::loadedByBuiltinLoader (22 bytes)
Event: 23.234 Thread 0x0000024dc0bf9a50 nmethod 7745 0x0000024da997b110 code [0x0000024da997b2e0, 0x0000024da997b6d0]

GC Heap History (20 events):
Event: 18.132 GC heap before
{Heap before GC invocations=23 (full 2):
 PSYoungGen      total 22016K, used 21984K [0x00000007aab00000, 0x00000007ac680000, 0x0000000800000000)
  eden space 20992K, 100% used [0x00000007aab00000,0x00000007abf80000,0x00000007abf80000)
  from space 1024K, 96% used [0x00000007ac280000,0x00000007ac378020,0x00000007ac380000)
  to   space 3072K, 0% used [0x00000007abf80000,0x00000007abf80000,0x00000007ac280000)
 ParOldGen       total 68608K, used 26885K [0x0000000700000000, 0x0000000704300000, 0x00000007aab00000)
  object space 68608K, 39% used [0x0000000700000000,0x0000000701a417c0,0x0000000704300000)
 Metaspace       used 51012K, committed 52352K, reserved 1114112K
  class space    used 5583K, committed 6144K, reserved 1048576K
}
Event: 18.137 GC heap after
{Heap after GC invocations=23 (full 2):
 PSYoungGen      total 23040K, used 1856K [0x00000007aab00000, 0x00000007ac480000, 0x0000000800000000)
  eden space 20992K, 0% used [0x00000007aab00000,0x00000007aab00000,0x00000007abf80000)
  from space 2048K, 90% used [0x00000007abf80000,0x00000007ac150010,0x00000007ac180000)
  to   space 2560K, 0% used [0x00000007ac200000,0x00000007ac200000,0x00000007ac480000)
 ParOldGen       total 68608K, used 27845K [0x0000000700000000, 0x0000000704300000, 0x00000007aab00000)
  object space 68608K, 40% used [0x0000000700000000,0x0000000701b317f0,0x0000000704300000)
 Metaspace       used 51012K, committed 52352K, reserved 1114112K
  class space    used 5583K, committed 6144K, reserved 1048576K
}
Event: 18.749 GC heap before
{Heap before GC invocations=24 (full 2):
 PSYoungGen      total 23040K, used 22848K [0x00000007aab00000, 0x00000007ac480000, 0x0000000800000000)
  eden space 20992K, 100% used [0x00000007aab00000,0x00000007abf80000,0x00000007abf80000)
  from space 2048K, 90% used [0x00000007abf80000,0x00000007ac150010,0x00000007ac180000)
  to   space 2560K, 0% used [0x00000007ac200000,0x00000007ac200000,0x00000007ac480000)
 ParOldGen       total 68608K, used 27845K [0x0000000700000000, 0x0000000704300000, 0x00000007aab00000)
  object space 68608K, 40% used [0x0000000700000000,0x0000000701b317f0,0x0000000704300000)
 Metaspace       used 51268K, committed 52608K, reserved 1114112K
  class space    used 5623K, committed 6208K, reserved 1048576K
}
Event: 18.757 GC heap after
{Heap after GC invocations=24 (full 2):
 PSYoungGen      total 23552K, used 2402K [0x00000007aab00000, 0x00000007ac480000, 0x0000000800000000)
  eden space 20992K, 0% used [0x00000007aab00000,0x00000007aab00000,0x00000007abf80000)
  from space 2560K, 93% used [0x00000007ac200000,0x00000007ac458850,0x00000007ac480000)
  to   space 2560K, 0% used [0x00000007abf80000,0x00000007abf80000,0x00000007ac200000)
 ParOldGen       total 68608K, used 29589K [0x0000000700000000, 0x0000000704300000, 0x00000007aab00000)
  object space 68608K, 43% used [0x0000000700000000,0x0000000701ce57f0,0x0000000704300000)
 Metaspace       used 51268K, committed 52608K, reserved 1114112K
  class space    used 5623K, committed 6208K, reserved 1048576K
}
Event: 19.065 GC heap before
{Heap before GC invocations=25 (full 2):
 PSYoungGen      total 23552K, used 23394K [0x00000007aab00000, 0x00000007ac480000, 0x0000000800000000)
  eden space 20992K, 100% used [0x00000007aab00000,0x00000007abf80000,0x00000007abf80000)
  from space 2560K, 93% used [0x00000007ac200000,0x00000007ac458850,0x00000007ac480000)
  to   space 2560K, 0% used [0x00000007abf80000,0x00000007abf80000,0x00000007ac200000)
 ParOldGen       total 68608K, used 29589K [0x0000000700000000, 0x0000000704300000, 0x00000007aab00000)
  object space 68608K, 43% used [0x0000000700000000,0x0000000701ce57f0,0x0000000704300000)
 Metaspace       used 51285K, committed 52608K, reserved 1114112K
  class space    used 5623K, committed 6208K, reserved 1048576K
}
Event: 19.074 GC heap after
{Heap after GC invocations=25 (full 2):
 PSYoungGen      total 23552K, used 1984K [0x00000007aab00000, 0x00000007ac480000, 0x0000000800000000)
  eden space 20992K, 0% used [0x00000007aab00000,0x00000007aab00000,0x00000007abf80000)
  from space 2560K, 77% used [0x00000007abf80000,0x00000007ac170000,0x00000007ac200000)
  to   space 2560K, 0% used [0x00000007ac200000,0x00000007ac200000,0x00000007ac480000)
 ParOldGen       total 68608K, used 31924K [0x0000000700000000, 0x0000000704300000, 0x00000007aab00000)
  object space 68608K, 46% used [0x0000000700000000,0x0000000701f2d058,0x0000000704300000)
 Metaspace       used 51285K, committed 52608K, reserved 1114112K
  class space    used 5623K, committed 6208K, reserved 1048576K
}
Event: 19.475 GC heap before
{Heap before GC invocations=26 (full 2):
 PSYoungGen      total 23552K, used 22975K [0x00000007aab00000, 0x00000007ac480000, 0x0000000800000000)
  eden space 20992K, 99% used [0x00000007aab00000,0x00000007abf7fff0,0x00000007abf80000)
  from space 2560K, 77% used [0x00000007abf80000,0x00000007ac170000,0x00000007ac200000)
  to   space 2560K, 0% used [0x00000007ac200000,0x00000007ac200000,0x00000007ac480000)
 ParOldGen       total 68608K, used 31924K [0x0000000700000000, 0x0000000704300000, 0x00000007aab00000)
  object space 68608K, 46% used [0x0000000700000000,0x0000000701f2d058,0x0000000704300000)
 Metaspace       used 51334K, committed 52672K, reserved 1114112K
  class space    used 5626K, committed 6208K, reserved 1048576K
}
Event: 19.486 GC heap after
{Heap after GC invocations=26 (full 2):
 PSYoungGen      total 23552K, used 2066K [0x00000007aab00000, 0x00000007ac480000, 0x0000000800000000)
  eden space 20992K, 0% used [0x00000007aab00000,0x00000007aab00000,0x00000007abf80000)
  from space 2560K, 80% used [0x00000007ac200000,0x00000007ac4048a8,0x00000007ac480000)
  to   space 2560K, 0% used [0x00000007abf80000,0x00000007abf80000,0x00000007ac200000)
 ParOldGen       total 68608K, used 33858K [0x0000000700000000, 0x0000000704300000, 0x00000007aab00000)
  object space 68608K, 49% used [0x0000000700000000,0x0000000702110a20,0x0000000704300000)
 Metaspace       used 51334K, committed 52672K, reserved 1114112K
  class space    used 5626K, committed 6208K, reserved 1048576K
}
Event: 19.665 GC heap before
{Heap before GC invocations=27 (full 2):
 PSYoungGen      total 23552K, used 23058K [0x00000007aab00000, 0x00000007ac480000, 0x0000000800000000)
  eden space 20992K, 100% used [0x00000007aab00000,0x00000007abf80000,0x00000007abf80000)
  from space 2560K, 80% used [0x00000007ac200000,0x00000007ac4048a8,0x00000007ac480000)
  to   space 2560K, 0% used [0x00000007abf80000,0x00000007abf80000,0x00000007ac200000)
 ParOldGen       total 68608K, used 33858K [0x0000000700000000, 0x0000000704300000, 0x00000007aab00000)
  object space 68608K, 49% used [0x0000000700000000,0x0000000702110a20,0x0000000704300000)
 Metaspace       used 51403K, committed 52800K, reserved 1114112K
  class space    used 5631K, committed 6208K, reserved 1048576K
}
Event: 19.675 GC heap after
{Heap after GC invocations=27 (full 2):
 PSYoungGen      total 23552K, used 2176K [0x00000007aab00000, 0x00000007ac480000, 0x0000000800000000)
  eden space 20992K, 0% used [0x00000007aab00000,0x00000007aab00000,0x00000007abf80000)
  from space 2560K, 85% used [0x00000007abf80000,0x00000007ac1a0010,0x00000007ac200000)
  to   space 2560K, 0% used [0x00000007ac200000,0x00000007ac200000,0x00000007ac480000)
 ParOldGen       total 68608K, used 35804K [0x0000000700000000, 0x0000000704300000, 0x00000007aab00000)
  object space 68608K, 52% used [0x0000000700000000,0x00000007022f7298,0x0000000704300000)
 Metaspace       used 51403K, committed 52800K, reserved 1114112K
  class space    used 5631K, committed 6208K, reserved 1048576K
}
Event: 20.344 GC heap before
{Heap before GC invocations=28 (full 2):
 PSYoungGen      total 23552K, used 23168K [0x00000007aab00000, 0x00000007ac480000, 0x0000000800000000)
  eden space 20992K, 100% used [0x00000007aab00000,0x00000007abf80000,0x00000007abf80000)
  from space 2560K, 85% used [0x00000007abf80000,0x00000007ac1a0010,0x00000007ac200000)
  to   space 2560K, 0% used [0x00000007ac200000,0x00000007ac200000,0x00000007ac480000)
 ParOldGen       total 68608K, used 35804K [0x0000000700000000, 0x0000000704300000, 0x00000007aab00000)
  object space 68608K, 52% used [0x0000000700000000,0x00000007022f7298,0x0000000704300000)
 Metaspace       used 51481K, committed 52864K, reserved 1114112K
  class space    used 5631K, committed 6208K, reserved 1048576K
}
Event: 20.354 GC heap after
{Heap after GC invocations=28 (full 2):
 PSYoungGen      total 23040K, used 1952K [0x00000007aab00000, 0x00000007ac400000, 0x0000000800000000)
  eden space 20992K, 0% used [0x00000007aab00000,0x00000007aab00000,0x00000007abf80000)
  from space 2048K, 95% used [0x00000007ac200000,0x00000007ac3e8000,0x00000007ac400000)
  to   space 2048K, 0% used [0x00000007ac000000,0x00000007ac000000,0x00000007ac200000)
 ParOldGen       total 68608K, used 37906K [0x0000000700000000, 0x0000000704300000, 0x00000007aab00000)
  object space 68608K, 55% used [0x0000000700000000,0x00000007025049c0,0x0000000704300000)
 Metaspace       used 51481K, committed 52864K, reserved 1114112K
  class space    used 5631K, committed 6208K, reserved 1048576K
}
Event: 21.158 GC heap before
{Heap before GC invocations=29 (full 2):
 PSYoungGen      total 23040K, used 22944K [0x00000007aab00000, 0x00000007ac400000, 0x0000000800000000)
  eden space 20992K, 100% used [0x00000007aab00000,0x00000007abf80000,0x00000007abf80000)
  from space 2048K, 95% used [0x00000007ac200000,0x00000007ac3e8000,0x00000007ac400000)
  to   space 2048K, 0% used [0x00000007ac000000,0x00000007ac000000,0x00000007ac200000)
 ParOldGen       total 68608K, used 37906K [0x0000000700000000, 0x0000000704300000, 0x00000007aab00000)
  object space 68608K, 55% used [0x0000000700000000,0x00000007025049c0,0x0000000704300000)
 Metaspace       used 52093K, committed 53440K, reserved 1114112K
  class space    used 5719K, committed 6272K, reserved 1048576K
}
Event: 21.165 GC heap after
{Heap after GC invocations=29 (full 2):
 PSYoungGen      total 22528K, used 1527K [0x00000007aab00000, 0x00000007ac380000, 0x0000000800000000)
  eden space 20992K, 0% used [0x00000007aab00000,0x00000007aab00000,0x00000007abf80000)
  from space 1536K, 99% used [0x00000007ac000000,0x00000007ac17df08,0x00000007ac180000)
  to   space 2048K, 0% used [0x00000007ac180000,0x00000007ac180000,0x00000007ac380000)
 ParOldGen       total 68608K, used 39774K [0x0000000700000000, 0x0000000704300000, 0x00000007aab00000)
  object space 68608K, 57% used [0x0000000700000000,0x00000007026d79c0,0x0000000704300000)
 Metaspace       used 52093K, committed 53440K, reserved 1114112K
  class space    used 5719K, committed 6272K, reserved 1048576K
}
Event: 21.895 GC heap before
{Heap before GC invocations=30 (full 2):
 PSYoungGen      total 22528K, used 22519K [0x00000007aab00000, 0x00000007ac380000, 0x0000000800000000)
  eden space 20992K, 100% used [0x00000007aab00000,0x00000007abf80000,0x00000007abf80000)
  from space 1536K, 99% used [0x00000007ac000000,0x00000007ac17df08,0x00000007ac180000)
  to   space 2048K, 0% used [0x00000007ac180000,0x00000007ac180000,0x00000007ac380000)
 ParOldGen       total 68608K, used 39774K [0x0000000700000000, 0x0000000704300000, 0x00000007aab00000)
  object space 68608K, 57% used [0x0000000700000000,0x00000007026d79c0,0x0000000704300000)
 Metaspace       used 52644K, committed 53952K, reserved 1114112K
  class space    used 5788K, committed 6336K, reserved 1048576K
}
Event: 21.903 GC heap after
{Heap after GC invocations=30 (full 2):
 PSYoungGen      total 20992K, used 2022K [0x00000007aab00000, 0x00000007ac780000, 0x0000000800000000)
  eden space 18944K, 0% used [0x00000007aab00000,0x00000007aab00000,0x00000007abd80000)
  from space 2048K, 98% used [0x00000007ac180000,0x00000007ac379a88,0x00000007ac380000)
  to   space 4096K, 0% used [0x00000007abd80000,0x00000007abd80000,0x00000007ac180000)
 ParOldGen       total 68608K, used 41239K [0x0000000700000000, 0x0000000704300000, 0x00000007aab00000)
  object space 68608K, 60% used [0x0000000700000000,0x0000000702845e18,0x0000000704300000)
 Metaspace       used 52644K, committed 53952K, reserved 1114112K
  class space    used 5788K, committed 6336K, reserved 1048576K
}
Event: 22.442 GC heap before
{Heap before GC invocations=31 (full 2):
 PSYoungGen      total 20992K, used 20966K [0x00000007aab00000, 0x00000007ac780000, 0x0000000800000000)
  eden space 18944K, 100% used [0x00000007aab00000,0x00000007abd80000,0x00000007abd80000)
  from space 2048K, 98% used [0x00000007ac180000,0x00000007ac379a88,0x00000007ac380000)
  to   space 4096K, 0% used [0x00000007abd80000,0x00000007abd80000,0x00000007ac180000)
 ParOldGen       total 68608K, used 41239K [0x0000000700000000, 0x0000000704300000, 0x00000007aab00000)
  object space 68608K, 60% used [0x0000000700000000,0x0000000702845e18,0x0000000704300000)
 Metaspace       used 53281K, committed 54592K, reserved 1114112K
  class space    used 5850K, committed 6400K, reserved 1048576K
}
Event: 22.451 GC heap after
{Heap after GC invocations=31 (full 2):
 PSYoungGen      total 21504K, used 2162K [0x00000007aab00000, 0x00000007ac380000, 0x0000000800000000)
  eden space 18944K, 0% used [0x00000007aab00000,0x00000007aab00000,0x00000007abd80000)
  from space 2560K, 84% used [0x00000007abd80000,0x00000007abf9c990,0x00000007ac000000)
  to   space 3072K, 0% used [0x00000007ac080000,0x00000007ac080000,0x00000007ac380000)
 ParOldGen       total 68608K, used 43104K [0x0000000700000000, 0x0000000704300000, 0x00000007aab00000)
  object space 68608K, 62% used [0x0000000700000000,0x0000000702a18150,0x0000000704300000)
 Metaspace       used 53281K, committed 54592K, reserved 1114112K
  class space    used 5850K, committed 6400K, reserved 1048576K
}
Event: 23.192 GC heap before
{Heap before GC invocations=32 (full 2):
 PSYoungGen      total 21504K, used 21106K [0x00000007aab00000, 0x00000007ac380000, 0x0000000800000000)
  eden space 18944K, 100% used [0x00000007aab00000,0x00000007abd80000,0x00000007abd80000)
  from space 2560K, 84% used [0x00000007abd80000,0x00000007abf9c990,0x00000007ac000000)
  to   space 3072K, 0% used [0x00000007ac080000,0x00000007ac080000,0x00000007ac380000)
 ParOldGen       total 68608K, used 43104K [0x0000000700000000, 0x0000000704300000, 0x00000007aab00000)
  object space 68608K, 62% used [0x0000000700000000,0x0000000702a18150,0x0000000704300000)
 Metaspace       used 54630K, committed 56000K, reserved 1114112K
  class space    used 5972K, committed 6528K, reserved 1048576K
}
Event: 23.202 GC heap after
{Heap after GC invocations=32 (full 2):
 PSYoungGen      total 20992K, used 1810K [0x00000007aab00000, 0x00000007ac280000, 0x0000000800000000)
  eden space 18944K, 0% used [0x00000007aab00000,0x00000007aab00000,0x00000007abd80000)
  from space 2048K, 88% used [0x00000007ac080000,0x00000007ac244910,0x00000007ac280000)
  to   space 2048K, 0% used [0x00000007abe80000,0x00000007abe80000,0x00000007ac080000)
 ParOldGen       total 68608K, used 45133K [0x0000000700000000, 0x0000000704300000, 0x00000007aab00000)
  object space 68608K, 65% used [0x0000000700000000,0x0000000702c13538,0x0000000704300000)
 Metaspace       used 54630K, committed 56000K, reserved 1114112K
  class space    used 5972K, committed 6528K, reserved 1048576K
}

Dll operation events (20 events):
Event: 0.026 Attempting to load shared library c:\Users\marqu\.vscode\extensions\redhat.java-1.56.0-win32-x64\jre\21.0.12.1-win32-x86_64\bin\java.dll
Event: 0.026 Loaded shared library c:\Users\marqu\.vscode\extensions\redhat.java-1.56.0-win32-x64\jre\21.0.12.1-win32-x86_64\bin\java.dll
Event: 0.163 Attempting to load shared library c:\Users\marqu\.vscode\extensions\redhat.java-1.56.0-win32-x64\jre\21.0.12.1-win32-x86_64\bin\zip.dll
Event: 0.164 Loaded shared library c:\Users\marqu\.vscode\extensions\redhat.java-1.56.0-win32-x64\jre\21.0.12.1-win32-x86_64\bin\zip.dll
Event: 0.201 Attempting to load shared library C:\Users\marqu\.vscode\extensions\redhat.java-1.56.0-win32-x64\jre\21.0.12.1-win32-x86_64\bin\instrument.dll
Event: 0.201 Loaded shared library C:\Users\marqu\.vscode\extensions\redhat.java-1.56.0-win32-x64\jre\21.0.12.1-win32-x86_64\bin\instrument.dll
Event: 0.208 Attempting to load shared library C:\Users\marqu\.vscode\extensions\redhat.java-1.56.0-win32-x64\jre\21.0.12.1-win32-x86_64\bin\net.dll
Event: 0.209 Loaded shared library C:\Users\marqu\.vscode\extensions\redhat.java-1.56.0-win32-x64\jre\21.0.12.1-win32-x86_64\bin\net.dll
Event: 0.213 Attempting to load shared library C:\Users\marqu\.vscode\extensions\redhat.java-1.56.0-win32-x64\jre\21.0.12.1-win32-x86_64\bin\nio.dll
Event: 0.214 Loaded shared library C:\Users\marqu\.vscode\extensions\redhat.java-1.56.0-win32-x64\jre\21.0.12.1-win32-x86_64\bin\nio.dll
Event: 0.230 Attempting to load shared library C:\Users\marqu\.vscode\extensions\redhat.java-1.56.0-win32-x64\jre\21.0.12.1-win32-x86_64\bin\zip.dll
Event: 0.230 Loaded shared library C:\Users\marqu\.vscode\extensions\redhat.java-1.56.0-win32-x64\jre\21.0.12.1-win32-x86_64\bin\zip.dll
Event: 0.287 Attempting to load shared library C:\Users\marqu\.vscode\extensions\redhat.java-1.56.0-win32-x64\jre\21.0.12.1-win32-x86_64\bin\jimage.dll
Event: 0.287 Loaded shared library C:\Users\marqu\.vscode\extensions\redhat.java-1.56.0-win32-x64\jre\21.0.12.1-win32-x86_64\bin\jimage.dll
Event: 0.414 Attempting to load shared library c:\Users\marqu\.vscode\extensions\redhat.java-1.56.0-win32-x64\jre\21.0.12.1-win32-x86_64\bin\verify.dll
Event: 0.415 Loaded shared library c:\Users\marqu\.vscode\extensions\redhat.java-1.56.0-win32-x64\jre\21.0.12.1-win32-x86_64\bin\verify.dll
Event: 2.913 Attempting to load shared library C:\Users\marqu\AppData\Roaming\Code\User\globalStorage\redhat.java\1.56.0\config_win\org.eclipse.equinox.launcher\org.eclipse.equinox.launcher.win32.win32.x86_64_1.3.100.v20260804-1928\eclipse_11924.dll
Event: 2.935 Loaded shared library C:\Users\marqu\AppData\Roaming\Code\User\globalStorage\redhat.java\1.56.0\config_win\org.eclipse.equinox.launcher\org.eclipse.equinox.launcher.win32.win32.x86_64_1.3.100.v20260804-1928\eclipse_11924.dll
Event: 5.131 Attempting to load shared library C:\Users\marqu\AppData\Local\Temp\jna-103666690\jna4674294039842581590.dll
Event: 5.404 Loaded shared library C:\Users\marqu\AppData\Local\Temp\jna-103666690\jna4674294039842581590.dll

Deoptimization events (20 events):
Event: 22.838 Thread 0x0000024e090612e0 DEOPT PACKING pc=0x0000024da92ab1fb sp=0x0000007c8f6fcc60
Event: 22.838 Thread 0x0000024e090612e0 DEOPT UNPACKING pc=0x0000024daffc4242 sp=0x0000007c8f6fc0d0 mode 0
Event: 22.855 Thread 0x0000024e0905f8a0 DEOPT PACKING pc=0x0000024da98ac3b3 sp=0x0000007c8effe410
Event: 22.855 Thread 0x0000024e0905f8a0 DEOPT UNPACKING pc=0x0000024daffc4242 sp=0x0000007c8effd978 mode 0
Event: 22.893 Thread 0x0000024e09065480 Uncommon trap: trap_request=0xffffff45 fr.pc=0x0000024db06d74ec relative=0x00000000000007ac
Event: 22.893 Thread 0x0000024e09065480 Uncommon trap: reason=unstable_if action=reinterpret pc=0x0000024db06d74ec method=java.util.WeakHashMap.remove(Ljava/lang/Object;)Ljava/lang/Object; @ 92 c2
Event: 22.893 Thread 0x0000024e09065480 DEOPT PACKING pc=0x0000024db06d74ec sp=0x0000007c8eefd3d0
Event: 22.893 Thread 0x0000024e09065480 DEOPT UNPACKING pc=0x0000024daffc3aa2 sp=0x0000007c8eefd318 mode 2
Event: 22.900 Thread 0x0000024e09065480 Uncommon trap: trap_request=0xffffff45 fr.pc=0x0000024db061d2ac relative=0x00000000000009ac
Event: 22.900 Thread 0x0000024e09065480 Uncommon trap: reason=unstable_if action=reinterpret pc=0x0000024db061d2ac method=java.util.concurrent.locks.ReentrantReadWriteLock$Sync.tryAcquireShared(I)I @ 55 c2
Event: 22.901 Thread 0x0000024e09065480 DEOPT PACKING pc=0x0000024db061d2ac sp=0x0000007c8eefd4c0
Event: 22.901 Thread 0x0000024e09065480 DEOPT UNPACKING pc=0x0000024daffc3aa2 sp=0x0000007c8eefd130 mode 2
Event: 23.096 Thread 0x0000024e0905f8a0 Uncommon trap: trap_request=0xffffff45 fr.pc=0x0000024db098be18 relative=0x0000000000007318
Event: 23.096 Thread 0x0000024e0905f8a0 Uncommon trap: reason=unstable_if action=reinterpret pc=0x0000024db098be18 method=org.eclipse.jdt.internal.compiler.classfmt.ClassFileReader.<init>([B[CZ)V @ 91 c2
Event: 23.097 Thread 0x0000024e0905f8a0 DEOPT PACKING pc=0x0000024db098be18 sp=0x0000007c8effe4d0
Event: 23.097 Thread 0x0000024e0905f8a0 DEOPT UNPACKING pc=0x0000024daffc3aa2 sp=0x0000007c8effe470 mode 2
Event: 23.110 Thread 0x0000024e0905f8a0 Uncommon trap: trap_request=0xffffff6e fr.pc=0x0000024db09b15f0 relative=0x0000000000000330
Event: 23.110 Thread 0x0000024e0905f8a0 Uncommon trap: reason=loop_limit_check action=maybe_recompile pc=0x0000024db09b15f0 method=org.eclipse.jdt.core.compiler.CharOperation.concatWith([[CC)[C @ 121 c2
Event: 23.110 Thread 0x0000024e0905f8a0 DEOPT PACKING pc=0x0000024db09b15f0 sp=0x0000007c8effe310
Event: 23.110 Thread 0x0000024e0905f8a0 DEOPT UNPACKING pc=0x0000024daffc3aa2 sp=0x0000007c8effe2c0 mode 2

Classes loaded (20 events):
Event: 17.648 Loading class jdk/internal/jrtfs/JrtPath
Event: 17.649 Loading class jdk/internal/jrtfs/JrtPath done
Event: 17.653 Loading class jdk/internal/jimage/ImageReader$Node
Event: 17.657 Loading class jdk/internal/jimage/ImageReader$Node done
Event: 17.679 Loading class java/nio/ByteBufferAsIntBufferL
Event: 17.680 Loading class java/nio/ByteBufferAsIntBufferL done
Event: 17.711 Loading class jdk/internal/jimage/ImageReader$Directory
Event: 17.711 Loading class jdk/internal/jimage/ImageReader$Directory done
Event: 17.946 Loading class java/nio/channels/Channels$ReadableByteChannelImpl
Event: 17.947 Loading class java/nio/channels/Channels$ReadableByteChannelImpl done
Event: 17.950 Loading class java/nio/channels/NonWritableChannelException
Event: 17.954 Loading class java/nio/channels/NonWritableChannelException done
Event: 18.229 Loading class java/util/AbstractList$ListItr
Event: 18.229 Loading class java/util/AbstractList$ListItr done
Event: 19.561 Loading class java/lang/invoke/MethodHandleImpl$CountingWrapper$1
Event: 19.561 Loading class java/lang/invoke/MethodHandleImpl$CountingWrapper$1 done
Event: 21.676 Loading class java/util/Vector$1
Event: 21.676 Loading class java/util/Vector$1 done
Event: 22.883 Loading class java/util/Hashtable$ValueCollection
Event: 22.883 Loading class java/util/Hashtable$ValueCollection done

Classes unloaded (7 events):
Event: 6.900 Thread 0x0000024da58f6f90 Unloading class 0x0000024dc21acc00 'java/lang/invoke/LambdaForm$MH+0x0000024dc21acc00'
Event: 6.900 Thread 0x0000024da58f6f90 Unloading class 0x0000024dc21ac800 'java/lang/invoke/LambdaForm$MH+0x0000024dc21ac800'
Event: 6.900 Thread 0x0000024da58f6f90 Unloading class 0x0000024dc21ac400 'java/lang/invoke/LambdaForm$MH+0x0000024dc21ac400'
Event: 6.900 Thread 0x0000024da58f6f90 Unloading class 0x0000024dc21ac000 'java/lang/invoke/LambdaForm$MH+0x0000024dc21ac000'
Event: 6.900 Thread 0x0000024da58f6f90 Unloading class 0x0000024dc21abc00 'java/lang/invoke/LambdaForm$BMH+0x0000024dc21abc00'
Event: 6.900 Thread 0x0000024da58f6f90 Unloading class 0x0000024dc21ab800 'java/lang/invoke/LambdaForm$DMH+0x0000024dc21ab800'
Event: 6.900 Thread 0x0000024da58f6f90 Unloading class 0x0000024dc21aa400 'java/lang/invoke/LambdaForm$DMH+0x0000024dc21aa400'

Classes redefined (0 events):
No events

Internal exceptions (20 events):
Event: 14.515 Thread 0x0000024e090612e0 Exception <a 'java/lang/NoSuchMethodError'{0x00000007ab4d9238}: 'java.lang.Object java.lang.invoke.DirectMethodHandle$Holder.invokeStatic(java.lang.Object, int, java.lang.Object, java.lang.Object)'> (0x00000007ab4d9238) 
thrown [s\src\hotspot\share\interpreter\linkResolver.cpp, line 773]
Event: 14.516 Thread 0x0000024e090612e0 Exception <a 'java/lang/NoSuchMethodError'{0x00000007ab4dca38}: 'java.lang.Object java.lang.invoke.DelegatingMethodHandle$Holder.delegate(java.lang.Object, int, java.lang.Object, java.lang.Object)'> (0x00000007ab4dca38) 
thrown [s\src\hotspot\share\interpreter\linkResolver.cpp, line 773]
Event: 14.518 Thread 0x0000024e090612e0 Implicit null exception at 0x0000024db05bfdf6 to 0x0000024db05c012c
Event: 14.520 Thread 0x0000024e090612e0 Exception <a 'java/lang/NoSuchMethodError'{0x00000007ab4f0940}: 'int java.lang.invoke.Invokers$Holder.linkToTargetMethod(java.lang.Object, java.lang.Object, java.lang.Object)'> (0x00000007ab4f0940) 
thrown [s\src\hotspot\share\interpreter\linkResolver.cpp, line 773]
Event: 15.218 Thread 0x0000024e08198090 Exception <a 'java/lang/NoClassDefFoundError'{0x00000007aae0d7b0}: com/google/inject/servlet/ServletModuleTargetVisitor> (0x00000007aae0d7b0) 
thrown [s\src\hotspot\share\classfile\systemDictionary.cpp, line 302]
Event: 15.420 Thread 0x0000024e09064df0 Exception <a 'java/lang/NoSuchMethodError'{0x00000007ab32ec18}: 'int java.lang.invoke.DirectMethodHandle$Holder.invokeSpecialIFC(java.lang.Object, java.lang.Object, java.lang.Object, java.lang.Object)'> (0x00000007ab32ec18) 
thrown [s\src\hotspot\share\interpreter\linkResolver.cpp, line 773]
Event: 15.655 Thread 0x0000024e090612e0 Exception <a 'java/lang/IncompatibleClassChangeError'{0x00000007ab65db68}: Found class java.lang.Object, but interface was expected> (0x00000007ab65db68) 
thrown [s\src\hotspot\share\interpreter\linkResolver.cpp, line 840]
Event: 16.028 Thread 0x0000024e09064df0 Exception <a 'java/lang/NoSuchMethodError'{0x00000007abd8b908}: 'int java.lang.invoke.DirectMethodHandle$Holder.invokeInterface(java.lang.Object, java.lang.Object)'> (0x00000007abd8b908) 
thrown [s\src\hotspot\share\interpreter\linkResolver.cpp, line 773]
Event: 16.030 Thread 0x0000024e09064df0 Exception <a 'java/lang/IncompatibleClassChangeError'{0x00000007abd8ec28}: Found class java.lang.Object, but interface was expected> (0x00000007abd8ec28) 
thrown [s\src\hotspot\share\interpreter\linkResolver.cpp, line 840]
Event: 17.004 Thread 0x0000024e090612e0 Exception <a 'java/lang/IncompatibleClassChangeError'{0x00000007abcf8460}: Found class java.lang.Object, but interface was expected> (0x00000007abcf8460) 
thrown [s\src\hotspot\share\interpreter\linkResolver.cpp, line 840]
Event: 17.034 Thread 0x0000024e090612e0 Exception <a 'java/lang/IncompatibleClassChangeError'{0x00000007abe28510}: Found class java.lang.Object, but interface was expected> (0x00000007abe28510) 
thrown [s\src\hotspot\share\interpreter\linkResolver.cpp, line 840]
Event: 17.613 Thread 0x0000024e09065480 Exception <a 'java/lang/NoSuchMethodError'{0x00000007ab413a98}: 'java.lang.Object java.lang.invoke.DelegatingMethodHandle$Holder.reinvoke_L(java.lang.Object, int, long, java.lang.Object, java.lang.Object, int, java.lang.Object)'> (0x00000007ab413a98) 
thrown [s\src\hotspot\share\interpreter\linkResolver.cpp, line 773]
Event: 20.752 Thread 0x0000024e09062690 Exception <a 'java/lang/LinkageError'{0x00000007abb81158}: loader lombok.launch.ShadowClassLoader @4d0ccaad attempted duplicate class definition for lombok.launch.PatchFixesHider$ValPortal. (lombok.launch.PatchFixesHider$ValPortal is in unnamed module of loader lombok.launch.ShadowClassLoader @4d0ccaad, parent loader org.eclipse.osgi.internal.loader.EquinoxClassLoader @54605f71)> (0x00000007abb81158) 
thrown [s\src\hotspot\share\classfile\systemDictionary.cpp, line 1673]
Event: 20.830 Thread 0x0000024e09065480 Exception <a 'java/lang/NoClassDefFoundError'{0x00000007abd1c2f0}: org/eclipse/jdt/core/dom/Name> (0x00000007abd1c2f0) 
thrown [s\src\hotspot\share\classfile\systemDictionary.cpp, line 302]
Event: 20.830 Thread 0x0000024e09065480 Exception <a 'java/lang/NullPointerException'{0x00000007abd1c890}> (0x00000007abd1c890) 
thrown [s\src\hotspot\share\interpreter\linkResolver.cpp, line 1372]
Event: 20.830 Thread 0x0000024e09062690 Exception <a 'java/lang/NullPointerException'{0x00000007abb81710}> (0x00000007abb81710) 
thrown [s\src\hotspot\share\interpreter\linkResolver.cpp, line 1372]
Event: 22.530 Thread 0x0000024e0905f8a0 Implicit null exception at 0x0000024db0947169 to 0x0000024db094731c
Event: 22.839 Thread 0x0000024e090612e0 Exception <a 'java/lang/LinkageError'{0x00000007ab5b72d0}: loader lombok.launch.ShadowClassLoader @7ed63ae attempted duplicate class definition for lombok.launch.PatchFixesHider$FieldInitializer. (lombok.launch.PatchFixesHider$FieldInitializer is in unnamed module of loader lombok.launch.ShadowClassLoader @7ed63ae, parent loader org.eclipse.osgi.internal.loader.EquinoxClassLoader @6b850dc)> (0x00000007ab5b72d0) 
thrown [s\src\hotspot\share\classfile\systemDictionary.cpp, line 1673]
Event: 22.891 Thread 0x0000024e09065480 Exception <a 'java/lang/NoSuchMethodError'{0x00000007ab7c2f28}: 'java.lang.Object java.lang.invoke.DirectMethodHandle$Holder.invokeSpecial(java.lang.Object, java.lang.Object, java.lang.Object, java.lang.Object, int, java.lang.Object, java.lang.Object)'> (0x00000007ab7c2f28) 
thrown [s\src\hotspot\share\interpreter\linkResolver.cpp, line 773]
Event: 22.891 Thread 0x0000024e09062690 Exception <a 'java/lang/NoSuchMethodError'{0x00000007ab7b3328}: 'java.lang.Object java.lang.invoke.DirectMethodHandle$Holder.invokeSpecial(java.lang.Object, java.lang.Object, java.lang.Object, java.lang.Object, int, java.lang.Object, java.lang.Object)'> (0x00000007ab7b3328) 
thrown [s\src\hotspot\share\interpreter\linkResolver.cpp, line 773]

ZGC Phase Switch (0 events):
No events

VM Operations (20 events):
Event: 19.065 Executing safepoint VM operation: ParallelGCFailedAllocation (Allocation Failure)
Event: 19.074 Executing safepoint VM operation: ParallelGCFailedAllocation (Allocation Failure) done
Event: 19.466 Executing safepoint VM operation: ParallelGCFailedAllocation (Allocation Failure)
Event: 19.486 Executing safepoint VM operation: ParallelGCFailedAllocation (Allocation Failure) done
Event: 19.664 Executing safepoint VM operation: ParallelGCFailedAllocation (Allocation Failure)
Event: 19.675 Executing safepoint VM operation: ParallelGCFailedAllocation (Allocation Failure) done
Event: 19.907 Executing safepoint VM operation: ParallelGCFailedAllocation (Allocation Failure)
Event: 20.355 Executing safepoint VM operation: ParallelGCFailedAllocation (Allocation Failure) done
Event: 20.555 Executing non-safepoint VM operation: HandshakeAllThreads (Deoptimize)
Event: 20.555 Executing non-safepoint VM operation: HandshakeAllThreads (Deoptimize) done
Event: 21.077 Executing safepoint VM operation: ParallelGCFailedAllocation (Allocation Failure)
Event: 21.165 Executing safepoint VM operation: ParallelGCFailedAllocation (Allocation Failure) done
Event: 21.877 Executing non-safepoint VM operation: HandshakeAllThreads (Deoptimize)
Event: 21.878 Executing non-safepoint VM operation: HandshakeAllThreads (Deoptimize) done
Event: 21.895 Executing safepoint VM operation: ParallelGCFailedAllocation (Allocation Failure)
Event: 21.903 Executing safepoint VM operation: ParallelGCFailedAllocation (Allocation Failure) done
Event: 22.441 Executing safepoint VM operation: ParallelGCFailedAllocation (Allocation Failure)
Event: 22.451 Executing safepoint VM operation: ParallelGCFailedAllocation (Allocation Failure) done
Event: 23.192 Executing safepoint VM operation: ParallelGCFailedAllocation (Allocation Failure)
Event: 23.202 Executing safepoint VM operation: ParallelGCFailedAllocation (Allocation Failure) done

Memory protections (0 events):
No events

Nmethod flushes (20 events):
Event: 11.869 Thread 0x0000024da58f6f90 flushing  nmethod 0x0000024da9060f10
Event: 11.869 Thread 0x0000024da58f6f90 flushing  nmethod 0x0000024da9061810
Event: 11.869 Thread 0x0000024da58f6f90 flushing  nmethod 0x0000024da9062a10
Event: 11.869 Thread 0x0000024da58f6f90 flushing  nmethod 0x0000024da9063210
Event: 11.869 Thread 0x0000024da58f6f90 flushing  nmethod 0x0000024da9064f10
Event: 11.869 Thread 0x0000024da58f6f90 flushing  nmethod 0x0000024da9065410
Event: 11.869 Thread 0x0000024da58f6f90 flushing  nmethod 0x0000024da9065f90
Event: 11.869 Thread 0x0000024da58f6f90 flushing  nmethod 0x0000024da9066390
Event: 11.869 Thread 0x0000024da58f6f90 flushing  nmethod 0x0000024da9067910
Event: 11.869 Thread 0x0000024da58f6f90 flushing  nmethod 0x0000024da9068310
Event: 11.869 Thread 0x0000024da58f6f90 flushing  nmethod 0x0000024da9071610
Event: 11.869 Thread 0x0000024da58f6f90 flushing  nmethod 0x0000024da9073010
Event: 11.869 Thread 0x0000024da58f6f90 flushing  nmethod 0x0000024da90b5190
Event: 11.869 Thread 0x0000024da58f6f90 flushing  nmethod 0x0000024da90bb110
Event: 11.869 Thread 0x0000024da58f6f90 flushing  nmethod 0x0000024da90c2690
Event: 11.870 Thread 0x0000024da58f6f90 flushing  nmethod 0x0000024da9113390
Event: 11.870 Thread 0x0000024da58f6f90 flushing  nmethod 0x0000024da9130f90
Event: 11.870 Thread 0x0000024da58f6f90 flushing  nmethod 0x0000024da9142c90
Event: 11.870 Thread 0x0000024da58f6f90 flushing  nmethod 0x0000024da9189110
Event: 11.870 Thread 0x0000024da58f6f90 flushing  nmethod 0x0000024da9189590

Events (20 events):
Event: 7.438 Thread 0x0000024e0865f8c0 Thread exited: 0x0000024e0865f8c0
Event: 8.344 Thread 0x0000024e08197a00 Thread added: 0x0000024e08198720
Event: 8.781 Thread 0x0000024dc0bf9a50 Thread added: 0x0000024e083d7090
Event: 10.669 Thread 0x0000024e075e46f0 Thread added: 0x0000024e0905f8a0
Event: 10.872 Thread 0x0000024e08198720 Thread added: 0x0000024e090640d0
Event: 12.713 Thread 0x0000024e08198720 Thread added: 0x0000024e09064df0
Event: 12.845 Thread 0x0000024e083d7090 Thread exited: 0x0000024e083d7090
Event: 12.869 Thread 0x0000024dc0bf9a50 Thread added: 0x0000024e074a0a50
Event: 12.891 Thread 0x0000024da354c380 Thread added: 0x0000024e090605c0
Event: 13.715 Thread 0x0000024da354c380 Thread added: 0x0000024e09063a40
Event: 13.715 Thread 0x0000024da354c380 Thread added: 0x0000024e090612e0
Event: 16.038 Thread 0x0000024e09064df0 Thread added: 0x0000024e09061970
Event: 16.873 Thread 0x0000024e09061970 Thread exited: 0x0000024e09061970
Event: 16.996 Thread 0x0000024e074a0a50 Thread exited: 0x0000024e074a0a50
Event: 17.017 Thread 0x0000024e090612e0 Thread added: 0x0000024e09065480
Event: 17.494 Thread 0x0000024e090612e0 Thread added: 0x0000024e09060c50
Event: 17.494 Thread 0x0000024e09060c50 Thread added: 0x0000024e09062690
Event: 17.992 Thread 0x0000024dc0bf9a50 Thread added: 0x0000024e074a0a50
Event: 20.944 Thread 0x0000024e074a0a50 Thread exited: 0x0000024e074a0a50
Event: 21.626 Thread 0x0000024dc0b8d340 Thread added: 0x0000024e0a272c60


Dynamic libraries:
0x00007ff7c2c80000 - 0x00007ff7c2c8e000 	c:\Users\marqu\.vscode\extensions\redhat.java-1.56.0-win32-x64\jre\21.0.12.1-win32-x86_64\bin\java.exe
0x00007ffcd8290000 - 0x00007ffcd8488000 	C:\WINDOWS\SYSTEM32\ntdll.dll
0x00007ffcd75b0000 - 0x00007ffcd7672000 	C:\WINDOWS\System32\KERNEL32.DLL
0x00007ffcd5ca0000 - 0x00007ffcd5f96000 	C:\WINDOWS\System32\KERNELBASE.dll
0x00007ffcd6100000 - 0x00007ffcd6200000 	C:\WINDOWS\System32\ucrtbase.dll
0x00007ffcbd430000 - 0x00007ffcbd44e000 	c:\Users\marqu\.vscode\extensions\redhat.java-1.56.0-win32-x64\jre\21.0.12.1-win32-x86_64\bin\VCRUNTIME140.dll
0x00007ffcbf980000 - 0x00007ffcbf998000 	c:\Users\marqu\.vscode\extensions\redhat.java-1.56.0-win32-x64\jre\21.0.12.1-win32-x86_64\bin\jli.dll
0x00007ffcd7ef0000 - 0x00007ffcd8091000 	C:\WINDOWS\System32\USER32.dll
0x00007ffcd6280000 - 0x00007ffcd62a2000 	C:\WINDOWS\System32\win32u.dll
0x00007ffcbc1d0000 - 0x00007ffcbc46b000 	C:\WINDOWS\WinSxS\amd64_microsoft.windows.common-controls_6595b64144ccf1df_6.0.19041.6456_none_60b8a6cb71f64256\COMCTL32.dll
0x00007ffcd8140000 - 0x00007ffcd81de000 	C:\WINDOWS\System32\msvcrt.dll
0x00007ffcd7830000 - 0x00007ffcd785b000 	C:\WINDOWS\System32\GDI32.dll
0x00007ffcd59b0000 - 0x00007ffcd5ac9000 	C:\WINDOWS\System32\gdi32full.dll
0x00007ffcd5b00000 - 0x00007ffcd5b9d000 	C:\WINDOWS\System32\msvcp_win.dll
0x00007ffcd7990000 - 0x00007ffcd79bf000 	C:\WINDOWS\System32\IMM32.DLL
0x00007ffcd0940000 - 0x00007ffcd094c000 	c:\Users\marqu\.vscode\extensions\redhat.java-1.56.0-win32-x64\jre\21.0.12.1-win32-x86_64\bin\vcruntime140_1.dll
0x00007ffca9e10000 - 0x00007ffca9e9d000 	c:\Users\marqu\.vscode\extensions\redhat.java-1.56.0-win32-x64\jre\21.0.12.1-win32-x86_64\bin\msvcp140.dll
0x00007ffc634f0000 - 0x00007ffc64292000 	c:\Users\marqu\.vscode\extensions\redhat.java-1.56.0-win32-x64\jre\21.0.12.1-win32-x86_64\bin\server\jvm.dll
0x00007ffcd6510000 - 0x00007ffcd65c1000 	C:\WINDOWS\System32\ADVAPI32.dll
0x00007ffcd80a0000 - 0x00007ffcd813f000 	C:\WINDOWS\System32\sechost.dll
0x00007ffcd6760000 - 0x00007ffcd6880000 	C:\WINDOWS\System32\RPCRT4.dll
0x00007ffcd5ad0000 - 0x00007ffcd5af7000 	C:\WINDOWS\System32\bcrypt.dll
0x00007ffcd6410000 - 0x00007ffcd647b000 	C:\WINDOWS\System32\WS2_32.dll
0x00007ffcc9a30000 - 0x00007ffcc9a57000 	C:\WINDOWS\SYSTEM32\WINMM.dll
0x00007ffcd5780000 - 0x00007ffcd57cb000 	C:\WINDOWS\SYSTEM32\POWRPROF.dll
0x00007ffccf280000 - 0x00007ffccf28a000 	C:\WINDOWS\SYSTEM32\VERSION.dll
0x00007ffcd5760000 - 0x00007ffcd5772000 	C:\WINDOWS\SYSTEM32\UMPDC.dll
0x00007ffcd36d0000 - 0x00007ffcd36e2000 	C:\WINDOWS\SYSTEM32\kernel.appcore.dll
0x00007ffcd0010000 - 0x00007ffcd001a000 	c:\Users\marqu\.vscode\extensions\redhat.java-1.56.0-win32-x64\jre\21.0.12.1-win32-x86_64\bin\jimage.dll
0x00007ffccd620000 - 0x00007ffccd821000 	C:\WINDOWS\SYSTEM32\DBGHELP.DLL
0x00007ffccbe90000 - 0x00007ffccbec4000 	C:\WINDOWS\SYSTEM32\dbgcore.DLL
0x00007ffcd5920000 - 0x00007ffcd59a2000 	C:\WINDOWS\System32\bcryptPrimitives.dll
0x00007ffccf6c0000 - 0x00007ffccf6cf000 	c:\Users\marqu\.vscode\extensions\redhat.java-1.56.0-win32-x64\jre\21.0.12.1-win32-x86_64\bin\instrument.dll
0x00007ffcba600000 - 0x00007ffcba620000 	c:\Users\marqu\.vscode\extensions\redhat.java-1.56.0-win32-x64\jre\21.0.12.1-win32-x86_64\bin\java.dll
0x00007ffcd6930000 - 0x00007ffcd70a0000 	C:\WINDOWS\System32\SHELL32.dll
0x00007ffcd39b0000 - 0x00007ffcd4155000 	C:\WINDOWS\SYSTEM32\windows.storage.dll
0x00007ffcd7180000 - 0x00007ffcd74d4000 	C:\WINDOWS\System32\combase.dll
0x00007ffcd5270000 - 0x00007ffcd529b000 	C:\WINDOWS\SYSTEM32\Wldp.dll
0x00007ffcd74e0000 - 0x00007ffcd75ad000 	C:\WINDOWS\System32\OLEAUT32.dll
0x00007ffcd6630000 - 0x00007ffcd66dd000 	C:\WINDOWS\System32\SHCORE.dll
0x00007ffcd65d0000 - 0x00007ffcd662b000 	C:\WINDOWS\System32\shlwapi.dll
0x00007ffcd5850000 - 0x00007ffcd5874000 	C:\WINDOWS\SYSTEM32\profapi.dll
0x00007ffcba0b0000 - 0x00007ffcba0c8000 	c:\Users\marqu\.vscode\extensions\redhat.java-1.56.0-win32-x64\jre\21.0.12.1-win32-x86_64\bin\zip.dll
0x00007ffcbec10000 - 0x00007ffcbec20000 	C:\Users\marqu\.vscode\extensions\redhat.java-1.56.0-win32-x64\jre\21.0.12.1-win32-x86_64\bin\net.dll
0x00007ffcce9f0000 - 0x00007ffcceafa000 	C:\WINDOWS\SYSTEM32\WINHTTP.dll
0x00007ffcd4fd0000 - 0x00007ffcd503a000 	C:\WINDOWS\system32\mswsock.dll
0x00007ffcba350000 - 0x00007ffcba366000 	C:\Users\marqu\.vscode\extensions\redhat.java-1.56.0-win32-x64\jre\21.0.12.1-win32-x86_64\bin\nio.dll
0x00007ffcbeba0000 - 0x00007ffcbebb0000 	c:\Users\marqu\.vscode\extensions\redhat.java-1.56.0-win32-x64\jre\21.0.12.1-win32-x86_64\bin\verify.dll
0x00007ffcb7070000 - 0x00007ffcb70b5000 	C:\Users\marqu\AppData\Roaming\Code\User\globalStorage\redhat.java\1.56.0\config_win\org.eclipse.equinox.launcher\org.eclipse.equinox.launcher.win32.win32.x86_64_1.3.100.v20260804-1928\eclipse_11924.dll
0x00007ffcd62d0000 - 0x00007ffcd63fb000 	C:\WINDOWS\System32\ole32.dll
0x00007ffcd51d0000 - 0x00007ffcd51e8000 	C:\WINDOWS\SYSTEM32\CRYPTSP.dll
0x00007ffcd48f0000 - 0x00007ffcd4928000 	C:\WINDOWS\system32\rsaenh.dll
0x00007ffcd5810000 - 0x00007ffcd583e000 	C:\WINDOWS\SYSTEM32\USERENV.dll
0x00007ffcd51c0000 - 0x00007ffcd51cc000 	C:\WINDOWS\SYSTEM32\CRYPTBASE.dll
0x00007ffcd4cb0000 - 0x00007ffcd4ceb000 	C:\WINDOWS\SYSTEM32\IPHLPAPI.DLL
0x00007ffcd8240000 - 0x00007ffcd8248000 	C:\WINDOWS\System32\NSI.dll
0x00007ffcccc00000 - 0x00007ffcccc49000 	C:\Users\marqu\AppData\Local\Temp\jna-103666690\jna4674294039842581590.dll
0x00007ffcd6400000 - 0x00007ffcd6408000 	C:\WINDOWS\System32\PSAPI.DLL
0x00007ffccf630000 - 0x00007ffccf647000 	C:\WINDOWS\SYSTEM32\dhcpcsvc6.DLL
0x00007ffccfd00000 - 0x00007ffccfd1d000 	C:\WINDOWS\SYSTEM32\dhcpcsvc.DLL

JVMTI agents:
c:\Users\marqu\.vscode\extensions\redhat.java-1.56.0-win32-x64\lombok\lombok-1.18.39-4050.jar path:c:\Users\marqu\.vscode\extensions\redhat.java-1.56.0-win32-x64\jre\21.0.12.1-win32-x86_64\bin\instrument.dll, loaded, initialized, instrumentlib options:none

dbghelp: loaded successfully - version: 4.0.5 - missing functions: none
symbol engine: initialized successfully - sym options: 0x614 - pdb path: .;c:\Users\marqu\.vscode\extensions\redhat.java-1.56.0-win32-x64\jre\21.0.12.1-win32-x86_64\bin;C:\WINDOWS\SYSTEM32;C:\WINDOWS\WinSxS\amd64_microsoft.windows.common-controls_6595b64144ccf1df_6.0.19041.6456_none_60b8a6cb71f64256;c:\Users\marqu\.vscode\extensions\redhat.java-1.56.0-win32-x64\jre\21.0.12.1-win32-x86_64\bin\server;C:\Users\marqu\AppData\Roaming\Code\User\globalStorage\redhat.java\1.56.0\config_win\org.eclipse.equinox.launcher\org.eclipse.equinox.launcher.win32.win32.x86_64_1.3.100.v20260804-1928;C:\Users\marqu\AppData\Local\Temp\jna-103666690

VM Arguments:
jvm_args: --add-modules=ALL-SYSTEM --add-opens=java.base/java.util=ALL-UNNAMED --add-opens=java.base/java.lang=ALL-UNNAMED --add-opens=java.base/sun.nio.fs=ALL-UNNAMED -Declipse.application=org.eclipse.jdt.ls.core.id1 -Dosgi.bundles.defaultStartLevel=4 -Declipse.product=org.eclipse.jdt.ls.core.product -Djava.import.generatesMetadataFilesAtProjectRoot=false -Dm2e.project.cache.size=50 -DDetectVMInstallationsJob.disabled=true -Dfile.encoding=utf8 -XX:+UseParallelGC -XX:GCTimeRatio=4 -XX:AdaptiveSizePolicyWeight=90 -Dsun.zip.disableMemoryMapping=true -Xmx4G -Xms100m -Xlog:disable -javaagent:c:\Users\marqu\.vscode\extensions\redhat.java-1.56.0-win32-x64\lombok\lombok-1.18.39-4050.jar -XX:+HeapDumpOnOutOfMemoryError -XX:HeapDumpPath=c:\Users\marqu\AppData\Roaming\Code\User\workspaceStorage\06973a428a0ceac6bafabd4c6474988a\redhat.java -Daether.dependencyCollector.impl=bf 
java_command: c:\Users\marqu\.vscode\extensions\redhat.java-1.56.0-win32-x64\server\plugins\org.eclipse.equinox.launcher_1.8.0.v20260804-1928.jar -configuration c:\Users\marqu\AppData\Roaming\Code\User\globalStorage\redhat.java\1.56.0\config_win -data c:\Users\marqu\AppData\Roaming\Code\User\workspaceStorage\06973a428a0ceac6bafabd4c6474988a\redhat.java\jdt_ws --stdio
java_class_path (initial): c:\Users\marqu\.vscode\extensions\redhat.java-1.56.0-win32-x64\server\plugins\org.eclipse.equinox.launcher_1.8.0.v20260804-1928.jar
Launcher Type: SUN_STANDARD

[Global flags]
    uintx AdaptiveSizePolicyWeight                 = 90                                        {product} {command line}
     intx CICompilerCount                          = 3                                         {product} {ergonomic}
    uintx GCTimeRatio                              = 4                                         {product} {command line}
     bool HeapDumpOnOutOfMemoryError               = true                                   {manageable} {command line}
    ccstr HeapDumpPath                             = c:\Users\marqu\AppData\Roaming\Code\User\workspaceStorage\06973a428a0ceac6bafabd4c6474988a\redhat.java         {manageable} {command line}
   size_t InitialHeapSize                          = 104857600                                 {product} {command line}
   size_t MaxHeapSize                              = 4294967296                                {product} {command line}
   size_t MaxNewSize                               = 1431306240                                {product} {ergonomic}
   size_t MinHeapDeltaBytes                        = 524288                                    {product} {ergonomic}
   size_t MinHeapSize                              = 104857600                                 {product} {command line}
   size_t NewSize                                  = 34603008                                  {product} {ergonomic}
    uintx NonNMethodCodeHeapSize                   = 5832780                                {pd product} {ergonomic}
    uintx NonProfiledCodeHeapSize                  = 122912730                              {pd product} {ergonomic}
   size_t OldSize                                  = 70254592                                  {product} {ergonomic}
    uintx ProfiledCodeHeapSize                     = 122912730                              {pd product} {ergonomic}
    uintx ReservedCodeCacheSize                    = 251658240                              {pd product} {ergonomic}
     bool SegmentedCodeCache                       = true                                      {product} {ergonomic}
   size_t SoftMaxHeapSize                          = 4294967296                             {manageable} {ergonomic}
     bool UseCompressedOops                        = true                           {product lp64_product} {ergonomic}
     bool UseLargePagesIndividualAllocation        = false                                  {pd product} {ergonomic}
     bool UseParallelGC                            = true                                      {product} {command line}

Logging:
Log output configuration:
 #0: stdout all=off uptime,level,tags foldmultilines=false
 #1: stderr all=off uptime,level,tags foldmultilines=false

Release file:
JAVA_VERSION="21.0.12.1" 
MODULES="java.base java.compiler java.datatransfer java.xml java.prefs java.desktop java.instrument java.logging java.management java.security.sasl java.naming java.rmi java.management.rmi java.net.http java.scripting java.security.jgss java.transaction.xa java.sql java.sql.rowset java.xml.crypto java.se java.smartcardio jdk.accessibility jdk.internal.jvmstat jdk.attach jdk.charsets jdk.internal.opt jdk.zipfs jdk.compiler jdk.crypto.ec jdk.crypto.cryptoki jdk.crypto.mscapi jdk.dynalink jdk.internal.ed jdk.editpad jdk.hotspot.agent jdk.httpserver jdk.internal.le jdk.internal.vm.ci jdk.internal.vm.compiler jdk.internal.vm.compiler.management jdk.jartool jdk.javadoc jdk.jcmd jdk.management jdk.management.agent jdk.jconsole jdk.jdeps jdk.jdwp.agent jdk.jdi jdk.jfr jdk.jshell jdk.jsobject jdk.jstatd jdk.localedata jdk.management.jfr jdk.naming.dns jdk.naming.rmi jdk.net jdk.nio.mapmode jdk.random jdk.sctp jdk.security.auth jdk.security.jgss jdk.unsupported jdk.unsupported.desktop jdk.xml.dom" 

Environment Variables:
PATH=C:\Users\marqu\bin;C:\Program Files\Git\mingw64\bin;C:\Program Files\Git\usr\local\bin;C:\Program Files\Git\usr\bin;C:\Program Files\Git\usr\bin;C:\Program Files\Git\mingw64\bin;C:\Program Files\Git\usr\bin;C:\Users\marqu\bin;C:\Program Files\Common Files\Oracle\Java\javapath;C:\WINDOWS\system32;C:\WINDOWS;C:\WINDOWS\System32\Wbem;C:\WINDOWS\System32\WindowsPowerShell\v1.0;C:\WINDOWS\System32\OpenSSH;C:\Program Files\Git\cmd;C:\Program Files\nodejs;C:\Program Files (x86)\AMD\ATI.ACE\Core-Static;C:\Program Files\GitHub CLI;C:\Users\marqu\AppData\Local\Microsoft\WindowsApps;C:\Users\marqu\AppData\Local\Programs\Microsoft VS Code\bin;C:\msys64\ucrt64\bin;C:\Users\marqu\AppData\Roaming\npm;C:\Program Files\Git\usr\bin\vendor_perl;C:\Program Files\Git\usr\bin\core_perl
USERNAME=marqu
SHELL=C:\Program Files\Git\usr\bin\bash.exe
DISPLAY=needs-to-be-defined
LC_CTYPE=pt_BR.UTF-8
TERM=xterm
TMPDIR=C:\Users\marqu\AppData\Local\Temp
OS=Windows_NT
PROCESSOR_IDENTIFIER=AMD64 Family 21 Model 48 Stepping 1, AuthenticAMD
TMP=C:\Users\marqu\AppData\Local\Temp
TEMP=C:\Users\marqu\AppData\Local\Temp




Periodic native trim disabled

---------------  S Y S T E M  ---------------

OS:
 Windows 10 , 64 bit Build 19041 (10.0.19041.5915)
OS uptime: 4 days 1:56 hours

CPU: total 4 (initial active 4) (4 cores per cpu, 1 threads per core) family 21 model 48 stepping 1 microcode 0x0, cx8, cmov, fxsr, mmx, 3dnowpref, sse, sse2, sse3, ssse3, sse4a, sse4.1, sse4.2, popcnt, lzcnt, tsc, tscinvbit, avx, aes, clmul, bmi1, fma, vzeroupper, clflush, rdtscp, f16c
Processor Information for the first 4 processors :
  Max Mhz: 3800, Current Mhz: 3800, Mhz Limit: 3800

Memory: 4k page, system-wide physical 4053M (679M free)
TotalPageFile size 16341M (AvailPageFile size 2M)
current process WorkingSet (physical memory assigned to process): 257M, peak: 257M
current process commit charge ("private bytes"): 408M, peak: 409M

vm_info: OpenJDK 64-Bit Server VM (21.0.12.1+1-LTS) for windows-amd64 JRE (21.0.12.1+1-LTS), built on 2026-08-18T00:00:00Z by "admin" with MS VC++ 17.12 (VS2022)

END.
